******************************************************************************
                  TI ARM Linker PC v15.12.3                    
******************************************************************************
>> Linked Mon Jan 15 22:55:26 2018

OUTPUT FILE NAME:   <trabalhoJunto.out>
ENTRY POINT SYMBOL: "_c_int00"  address: 000071d1


MEMORY CONFIGURATION

         name            origin    length      used     unused   attr    fill
----------------------  --------  ---------  --------  --------  ----  --------
  FLASH                 00000000   00100000  0000968a  000f6976  R  X
  SRAM                  20000000   00040000  0000d503  00032afd  RW X


SEGMENT ALLOCATION MAP

run origin  load origin   length   init length attrs members
----------  ----------- ---------- ----------- ----- -------
00000000    00000000    0000968c   0000968c    r-x
  00000000    00000000    00000200   00000200    r-- .intvecs
  00000200    00000200    00008db6   00008db6    r-x .text
  00008fb8    00008fb8    000005f0   000005f0    r-- .const
  000095a8    000095a8    000000e4   000000e4    r-- .cinit
20000000    20000000    0000d504   00000000    rw-
  20000000    20000000    0000026c   00000000    rw- .vtable
  2000026c    2000026c    0000c99b   00000000    rw- .bss
  2000cc08    2000cc08    00000800   00000000    rw- .stack
  2000d408    2000d408    000000fc   00000000    rw- .data


SECTION ALLOCATION MAP

 output                                  attributes/
section   page    origin      length       input sections
--------  ----  ----------  ----------   ----------------
.intvecs   0    00000000    00000200     
                  00000000    00000200     startup_ccs.obj (.intvecs)

.text      0    00000200    00008db6     
                  00000200    000007bc     lwiplib.obj (.text:tcp_receive)
                  000009bc    000003d0     lwiplib.obj (.text:tcp_input)
                  00000d8c    000003b0     lwiplib.obj (.text:tcp_process)
                  0000113c    000002ec     lwiplib.obj (.text:tcp_write)
                  00001428    000002c8     lwiplib.obj (.text:tcp_slowtmr)
                  000016f0    0000024d     ustdlib.obj (.text:uvsnprintf)
                  0000193d    00000001     --HOLE-- [fill = 0]
                  0000193e    00000002     startup_ccs.obj (.text:FaultISR)
                  00001940    00000228     lwiplib.obj (.text:dhcp_parse_reply)
                  00001b68    00000218     pinout.obj (.text:PinoutSet)
                  00001d80    00000200     sysctl.obj (.text:SysCtlClockFreqSet)
                  00001f80    000001f0     lwiplib.obj (.text:ip_input)
                  00002170    000001f0     lwiplib.obj (.text:udp_input)
                  00002360    000001ea     uartstdio.obj (.text:UARTvprintf)
                  0000254a    00000002     startup_ccs.obj (.text:IntDefaultHandler)
                  0000254c    000001a4     lwiplib.obj (.text:icmp_input)
                  000026f0    00000190     lwiplib.obj (.text:tcp_output)
                  00002880    00000178     Hardware.obj (.text:HardwareInit)
                  000029f8    00000160     uartstdio.obj (.text:UARTStdioIntHandler)
                  00002b58    00000150     lwiplib.obj (.text:etharp_arp_input)
                  00002ca8    00000148     lwiplib.obj (.text:tcp_close_shutdown)
                  00002df0    00000140     lwiplib.obj (.text:tivaif_receive)
                  00002f30    00000138     lwiplib.obj (.text:pbuf_alloc)
                  00003068    00000134     lwiplib.obj (.text:dns_recv)
                  0000319c    00000132     gpio.obj (.text:GPIOPadConfigSet)
                  000032ce    00000002     startup_ccs.obj (.text:NmiSR)
                  000032d0    00000128     lwiplib.obj (.text:dhcp_create_msg)
                  000033f8    00000120     main.obj (.text:main)
                  00003518    00000120     main.obj (.text:timerInit)
                  00003638    0000011c     eth_client.obj (.text:EthClientTick)
                  00003754    0000011c     lwiplib.obj (.text:etharp_output)
                  00003870    00000114     lwiplib.obj (.text:etharp_query)
                  00003984    00000114     lwiplib.obj (.text:tcp_listen_input)
                  00003a98    00000110     lwiplib.obj (.text:ipaddr_aton)
                  00003ba8    0000010c     lwiplib.obj (.text:mem_malloc)
                  00003cb4    00000108     Hardware.obj (.text:TesteRFID)
                  00003dbc    00000100     lwiplib.obj (.text:mem_trim)
                  00003ebc    00000100     lwiplib.obj (.text:tivaif_transmit)
                  00003fbc    000000f8     lwiplib.obj (.text:ip_output_if)
                  000040b4    000000f4     lwiplib.obj (.text:lwIPPrivateNetworkConfigChange)
                  000041a8    000000f0     rfid.obj (.text:MFRC522ToCard)
                  00004298    000000ec     lwiplib.obj (.text:udp_sendto_if)
                  00004384    000000e8     lwiplib.obj (.text:lwIPInit)
                  0000446c    000000e0     lwiplib.obj (.text:etharp_find_entry)
                  0000454c    000000dc     lwiplib.obj (.text:etharp_raw)
                  00004628    000000d8     lwiplib.obj (.text:tcp_output_segment)
                  00004700    000000d4     lwiplib.obj (.text:autoip_tmr)
                  000047d4    000000d0     lwiplib.obj (.text:tcp_alloc)
                  000048a4    000000cc     lwiplib.obj (.text:dhcp_recv)
                  00004970    000000cc     lwiplib.obj (.text:dhcp_select)
                  00004a3c    000000cc     lwiplib.obj (.text:lwIPServiceTimers)
                  00004b08    000000c8     lwiplib.obj (.text:dhcp_bind)
                  00004bd0    000000c4     lwiplib.obj (.text:InitDMADescriptors)
                  00004c94    000000bc     lwiplib.obj (.text:dhcp_discover)
                  00004d50    000000bc     lwiplib.obj (.text:tcp_create_segment)
                  00004e0c    000000bc     lwiplib.obj (.text:tivaif_hwinit)
                  00004ec8    000000b8     lwiplib.obj (.text:dns_send)
                  00004f80    000000b0     uartstdio.obj (.text:UARTStdioConfig)
                  00005030    000000ac     lwiplib.obj (.text:dns_enqueue)
                  000050dc    000000ac     lwiplib.obj (.text:tcp_zero_window_probe)
                  00005188    000000a8     uartstdio.obj (.text:UARTwrite)
                  00005230    000000a8     lwiplib.obj (.text:dhcp_start)
                  000052d8    000000a8     lwiplib.obj (.text:tcp_enqueue_flags)
                  00005380    000000a4     lwiplib.obj (.text:dhcp_release)
                  00005424    000000a4     lwiplib.obj (.text:dns_check_entry)
                  000054c8    000000a4     lwiplib.obj (.text:ethernet_input)
                  0000556c    000000a0     lwiplib.obj (.text:dhcp_handle_ack)
                  0000560c    000000a0     lwiplib.obj (.text:inet_chksum_pseudo)
                  000056ac    0000009c     rtsv7M4_T_le_v4SPD16_eabi.lib : memcpy_t2.obj (.text)
                  00005748    00000098     main.obj (.text:ADCInit)
                  000057e0    00000098     lwiplib.obj (.text:dhcp_reboot)
                  00005878    00000092     lwiplib.obj (.text:pbuf_copy)
                  0000590a    00000002     eth_client.obj (.text:lwIPHostTimerHandler)
                  0000590c    00000090     lwiplib.obj (.text:tcp_abandon)
                  0000599c    00000090     lwiplib.obj (.text:tcp_rst)
                  00005a2c    0000008c     uartstdio.obj (.text:UARTPrimeTransmit)
                  00005ab8    00000084     lcd.obj (.text:LCDInit)
                  00005b3c    00000084     lwiplib.obj (.text:lwIPLinkDetect)
                  00005bc0    00000084     lwiplib.obj (.text:tcp_timewait_input)
                  00005c44    00000082     lwiplib.obj (.text:autoip_arp_reply)
                  00005cc6    00000002     rtsv7M4_T_le_v4SPD16_eabi.lib : i_div0.obj (.text)
                  00005cc8    00000080     lwiplib.obj (.text:dhcp_rebind)
                  00005d48    00000080     lwiplib.obj (.text:dhcp_renew)
                  00005dc8    00000080     lwiplib.obj (.text:lwIPPrivateInit)
                  00005e48    00000080     lwiplib.obj (.text:tcp_parseopt)
                  00005ec8    0000007c     eth_client.obj (.text:EthClientInit)
                  00005f44    0000007c     lwiplib.obj (.text:dhcp_timeout)
                  00005fc0    0000007c     lwiplib.obj (.text:tivaif_process_phy_interrupt)
                  0000603c    0000007a     rtsv7M4_T_le_v4SPD16_eabi.lib : memset_t2.obj (.text)
                  000060b6    00000002                                   : mpu_init.obj (.text)
                  000060b8    00000078     driverlib.lib : emac.obj (.text:EMACInit)
                  00006130    00000078     main.obj (.text:interruptInit)
                  000061a8    00000078     lwiplib.obj (.text:tcp_oos_insert_segment)
                  00006220    00000074     lwiplib.obj (.text:etharp_update_arp_entry)
                  00006294    00000074     lwiplib.obj (.text:raw_input)
                  00006308    00000070     rtsv7M4_T_le_v4SPD16_eabi.lib : autoinit.obj (.text)
                  00006378    00000070     lwiplib.obj (.text:tcp_fasttmr)
                  000063e8    0000006c     main.obj (.text:ISR_Timer1A)
                  00006454    0000006c     lwiplib.obj (.text:icmp_send_response)
                  000064c0    0000006c     lwiplib.obj (.text:memp_init)
                  0000652c    0000006a     rtsv7M4_T_le_v4SPD16_eabi.lib : copy_decompress_rle.obj (.text)
                  00006596    00000002                                   : startup.obj (.text)
                  00006598    00000068     interrupt.obj (.text:IntEnable)
                  00006600    00000068     lwiplib.obj (.text:dhcp_decline)
                  00006668    00000068     lwiplib.obj (.text:lwip_standard_chksum)
                  000066d0    00000068     lwiplib.obj (.text:netif_set_ipaddr)
                  00006738    00000068     lwiplib.obj (.text:pbuf_copy_partial)
                  000067a0    00000068     lwiplib.obj (.text:sys_timeout)
                  00006808    00000068     lwiplib.obj (.text:tcp_output_alloc_header)
                  00006870    00000068     lwiplib.obj (.text:tcp_process_refused_data)
                  000068d8    00000068     lwiplib.obj (.text:udp_bind)
                  00006940    00000064     lwiplib.obj (.text:dns_init)
                  000069a4    00000064     lwiplib.obj (.text:mem_free)
                  00006a08    00000064     lwiplib.obj (.text:plug_holes)
                  00006a6c    00000064     main.obj (.text:systemInit)
                  00006ad0    00000062     lwiplib.obj (.text:pbuf_header)
                  00006b32    00000002     --HOLE-- [fill = 0]
                  00006b34    00000060     lwiplib.obj (.text:sys_timeouts_init)
                  00006b94    0000005c     lwiplib.obj (.text:dns_gethostbyname)
                  00006bf0    0000005c     lwiplib.obj (.text:lwIPEthernetIntHandler)
                  00006c4c    0000005c     lwiplib.obj (.text:memp_malloc)
                  00006ca8    0000005c     lwiplib.obj (.text:tcp_keepalive)
                  00006d04    0000005c     lwiplib.obj (.text:tcp_pcb_remove)
                  00006d60    0000005c     lwiplib.obj (.text:tcp_send_empty_ack)
                  00006dbc    0000005a     rfid.obj (.text:MFRC522CalculateCRC)
                  00006e16    0000005a     lwiplib.obj (.text:pbuf_realloc)
                  00006e70    00000058     driverlib.lib : emac.obj (.text:EMACPHYConfigSet)
                  00006ec8    00000058     flash_pb.obj (.text:FlashPBInit)
                  00006f20    00000058     main.obj (.text:GPIOInit)
                  00006f78    00000058     timer.obj (.text:TimerControlTrigger)
                  00006fd0    00000058     lwiplib.obj (.text:autoip_start)
                  00007028    00000056     lwiplib.obj (.text:tcp_rexmit)
                  0000707e    00000002     --HOLE-- [fill = 0]
                  00007080    00000054     rfid.obj (.text:MFRC522Init)
                  000070d4    00000054     lwiplib.obj (.text:autoip_create_addr)
                  00007128    00000054     lwiplib.obj (.text:mem_init)
                  0000717c    00000054     lwiplib.obj (.text:netif_add)
                  000071d0    00000054     rtsv7M4_T_le_v4SPD16_eabi.lib : boot.obj (.text)
                  00007224    00000054                                   : exit.obj (.text)
                  00007278    00000052     lwiplib.obj (.text:tcp_pbuf_prealloc)
                  000072ca    00000052     lwiplib.obj (.text:tivaif_process_transmit)
                  0000731c    00000050     eth_client.obj (.text:EthClientDNSResolve)
                  0000736c    00000050     lcd.obj (.text:LCDWriteCmd)
                  000073bc    00000050     sysctl.obj (.text:SysCtlPeripheralReset)
                  0000740c    00000050     main.obj (.text:UpdateIPAddress)
                  0000745c    00000050     lwiplib.obj (.text:tcp_write_checks)
                  000074ac    0000004e     lwiplib.obj (.text:autoip_start_probing)
                  000074fa    0000004e     lwiplib.obj (.text:inet_chksum_pbuf)
                  00007548    0000004e     lwiplib.obj (.text:pbuf_free)
                  00007596    00000002     --HOLE-- [fill = 0]
                  00007598    0000004c     gpio.obj (.text:GPIOPinConfigure)
                  000075e4    0000004c     Hardware.obj (.text:InitConsole)
                  00007630    0000004c     timer.obj (.text:_TimerIntNumberGet)
                  0000767c    0000004c     Hardware.obj (.text:buscaCadastro)
                  000076c8    0000004c     lwiplib.obj (.text:ip_route)
                  00007714    0000004c     rtsv7M4_T_le_v4SPD16_eabi.lib : cpy_tbl.obj (.text)
                  00007760    0000004c     lwiplib.obj (.text:tivaif_interrupt)
                  000077ac    0000004c     lwiplib.obj (.text:udp_connect)
                  000077f8    0000004c     lwiplib.obj (.text:udp_new_port)
                  00007844    00000048     sysctl.obj (.text:_SysCtlFrequencyGet)
                  0000788c    00000048     lwiplib.obj (.text:etharp_output_to_arp_index)
                  000078d4    00000048     lwiplib.obj (.text:ip_output)
                  0000791c    00000048     lwiplib.obj (.text:tcp_kill_prio)
                  00007964    00000048     lwiplib.obj (.text:tcp_rexmit_fast)
                  000079ac    00000048     lwiplib.obj (.text:tivaif_check_pbuf)
                  000079f4    00000046     lwiplib.obj (.text:tcp_send_fin)
                  00007a3a    00000002     --HOLE-- [fill = 0]
                  00007a3c    00000044     eth_client.obj (.text:EthClientDHCPConnect)
                  00007a80    00000044     rfid.obj (.text:MFRC522Anticoll)
                  00007ac4    00000042     lwiplib.obj (.text:dhcp_network_changed)
                  00007b06    00000042     lwiplib.obj (.text:dhcp_option_long)
                  00007b48    00000042     lwiplib.obj (.text:tcp_pcb_purge)
                  00007b8a    00000002     --HOLE-- [fill = 0]
                  00007b8c    00000040     rfid.obj (.text:MFRC522Write)
                  00007bcc    00000040     lwiplib.obj (.text:etharp_tmr)
                  00007c0c    00000040     rtsv7M4_T_le_v4SPD16_eabi.lib : u_divt2.obj (.text)
                  00007c4c    0000003e     lwiplib.obj (.text:netif_set_link_up)
                  00007c8a    00000002     --HOLE-- [fill = 0]
                  00007c8c    0000003c     rfid.obj (.text:MFRC522Read)
                  00007cc8    0000003c     ssi.obj (.text:SSIConfigSetExpClk)
                  00007d04    0000003c     uartstdio.obj (.text:UARTFlushTx)
                  00007d40    0000003c     lwiplib.obj (.text:dhcp_coarse_tmr)
                  00007d7c    0000003a     driverlib.lib : emac.obj (.text:EMACIntEnable)
                  00007db6    0000003a     lwiplib.obj (.text:dns_compare_name)
                  00007df0    00000038     driverlib.lib : emac.obj (.text:EMACConfigSet)
                  00007e28    00000038     main.obj (.text:EnetEvents)
                  00007e60    00000038     eth_client.obj (.text:EthClientReset)
                  00007e98    00000038     sysctl.obj (.text:SysCtlPeripheralReady)
                  00007ed0    00000038     lwiplib.obj (.text:dhcp_fine_tmr)
                  00007f08    00000038     lwiplib.obj (.text:dhcp_handle_nak)
                  00007f40    00000038     lwiplib.obj (.text:dhcp_stop)
                  00007f78    00000038     lwiplib.obj (.text:dns_lookup)
                  00007fb0    00000038     lwiplib.obj (.text:memp_free)
                  00007fe8    00000038     lwiplib.obj (.text:tcpip_tcp_timer)
                  00008020    00000038     lwiplib.obj (.text:udp_sendto)
                  00008058    00000034     driverlib.lib : emac.obj (.text:EMACConfigGet)
                  0000808c    00000034                   : emac.obj (.text:EMACIntClear)
                  000080c0    00000034     interrupt.obj (.text:IntRegister)
                  000080f4    00000034     sysctl.obj (.text:SysCtlPeripheralEnable)
                  00008128    00000034     lwiplib.obj (.text:autoip_arp_probe)
                  0000815c    00000034     lwiplib.obj (.text:tcp_kill_timewait)
                  00008190    00000034     lwiplib.obj (.text:tcp_timer_needed)
                  000081c4    00000034     lwiplib.obj (.text:tivaif_init)
                  000081f8    00000032     lwiplib.obj (.text:ip4_addr_isbroadcast)
                  0000822a    00000032     lwiplib.obj (.text:tcp_recved)
                  0000825c    00000030     eth_client.obj (.text:DNSServerFound)
                  0000828c    00000030     flash_pb.obj (.text:FlashPBIsValid)
                  000082bc    00000030     lwiplib.obj (.text:dhcp_option_trailer)
                  000082ec    00000030     lwiplib.obj (.text:tcp_update_rcv_ann_wnd)
                  0000831c    00000030     lwiplib.obj (.text:udp_remove)
                  0000834c    0000002e     rfid.obj (.text:MFRC522Request)
                  0000837a    0000002e     lwiplib.obj (.text:tcp_rexmit_rto)
                  000083a8    0000002c     driverlib.lib : emac.obj (.text:EMACIntStatus)
                  000083d4    0000002c     rfid.obj (.text:MFRC522Halt)
                  00008400    0000002c     uartstdio.obj (.text:UARTFlushRx)
                  0000842c    0000002c     lwiplib.obj (.text:autoip_arp_announce)
                  00008458    0000002c     lwiplib.obj (.text:dhcp_handle_offer)
                  00008484    0000002c     lwiplib.obj (.text:etharp_request)
                  000084b0    0000002a     gpio.obj (.text:GPIODirModeSet)
                  000084da    0000002a     lwiplib.obj (.text:autoip_bind)
                  00008504    0000002a     ustdlib.obj (.text:ustrncpy)
                  0000852e    00000002     --HOLE-- [fill = 0]
                  00008530    00000028     spi.obj (.text:SPITransfer)
                  00008558    00000028     timer.obj (.text:TimerUpdateMode)
                  00008580    00000028     lwiplib.obj (.text:etharp_cleanup_netif)
                  000085a8    00000028     lwiplib.obj (.text:pbuf_cat)
                  000085d0    00000026     driverlib.lib : emac.obj (.text:EMACPHYRead)
                  000085f6    00000026                   : emac.obj (.text:EMACPHYWrite)
                  0000861c    00000026     lwiplib.obj (.text:dhcp_check)
                  00008642    00000026     lwiplib.obj (.text:tcp_recv_null)
                  00008668    00000024     eth_client.obj (.text:EthClientSend)
                  0000868c    00000024     interrupt.obj (.text:IntPrioritySet)
                  000086b0    00000024     lwiplib.obj (.text:dns_setserver)
                  000086d4    00000024     lwiplib.obj (.text:etharp_free_entry)
                  000086f8    00000024     lwiplib.obj (.text:lwIPNetworkConfigChange)
                  0000871c    00000024     lwiplib.obj (.text:netif_set_up)
                  00008740    00000024     lwiplib.obj (.text:tcp_seg_copy)
                  00008764    00000022     lwiplib.obj (.text:dhcp_option_short)
                  00008786    00000022     rtsv7M4_T_le_v4SPD16_eabi.lib : memcmp.obj (.text)
                  000087a8    00000020     interrupt.obj (.text:IntPriorityGroupingSet)
                  000087c8    00000020     MyString.obj (.text:StrCompare)
                  000087e8    00000020     sysctl.obj (.text:_SysCtlMemTimingGet)
                  00008808    00000020     lwiplib.obj (.text:autoip_handle_arp_conflict)
                  00008828    00000020     lwiplib.obj (.text:dhcp_option)
                  00008848    00000020     lwiplib.obj (.text:etharp_send_ip)
                  00008868    00000020     lwiplib.obj (.text:lwIPTimer)
                  00008888    00000020     lwiplib.obj (.text:tcp_eff_send_mss)
                  000088a8    00000020     lwiplib.obj (.text:tcp_tmr)
                  000088c8    00000020     ustdlib.obj (.text:usprintf)
                  000088e8    0000001e     driverlib.lib : emac.obj (.text:EMACAddrGet)
                  00008906    0000001e     lwiplib.obj (.text:netif_set_down)
                  00008924    0000001c     lcd.obj (.text:LCDClear)
                  00008940    0000001c     main.obj (.text:SysTickIntHandler)
                  0000895c    0000001c     lwiplib.obj (.text:dns_parse_name)
                  00008978    0000001c     lwiplib.obj (.text:lwIPLocalIPAddrGet)
                  00008994    0000001c     lwiplib.obj (.text:netif_set_addr)
                  000089b0    0000001c     lwiplib.obj (.text:udp_new)
                  000089cc    0000001a     rfid.obj (.text:MFRC522ClearBitMask)
                  000089e6    0000001a     rfid.obj (.text:MFRC522IsCard)
                  00008a00    0000001a     uartstdio.obj (.text:UARTprintf)
                  00008a1a    0000001a     lwiplib.obj (.text:autoip_network_changed)
                  00008a34    0000001a     lwiplib.obj (.text:dhcp_arp_reply)
                  00008a4e    0000001a     lwiplib.obj (.text:lwip_htonl)
                  00008a68    00000018     adc.obj (.text:ADCClockConfigSet)
                  00008a80    00000018     gpio.obj (.text:GPIOPinTypeGPIOOutput)
                  00008a98    00000018     uartstdio.obj (.text:IsBufferFull)
                  00008ab0    00000018     rfid.obj (.text:MFRC522AntennaOn)
                  00008ac8    00000018     rfid.obj (.text:MFRC522SetBitMask)
                  00008ae0    00000018     main.obj (.text:ResetUser)
                  00008af8    00000018     timer.obj (.text:TimerIntRegister)
                  00008b10    00000018     lwiplib.obj (.text:arp_timer)
                  00008b28    00000018     lwiplib.obj (.text:autoip_timer)
                  00008b40    00000018     lwiplib.obj (.text:dhcp_timer_coarse)
                  00008b58    00000018     lwiplib.obj (.text:dhcp_timer_fine)
                  00008b70    00000018     lwiplib.obj (.text:dns_timer)
                  00008b88    00000018     lwiplib.obj (.text:pbuf_pool_is_empty)
                  00008ba0    00000018     rtsv7M4_T_le_v4SPD16_eabi.lib : args_main.obj (.text)
                  00008bb8    00000018                                   : strcmp.obj (.text)
                  00008bd0    00000018     lwiplib.obj (.text:tcp_next_iss)
                  00008be8    00000018     lwiplib.obj (.text:tcp_seg_free)
                  00008c00    00000016     driverlib.lib : emac.obj (.text:EMACReset)
                  00008c16    00000016                   : emac.obj (.text:EMACRxEnable)
                  00008c2c    00000016                   : emac.obj (.text:EMACTxEnable)
                  00008c42    00000016     lwiplib.obj (.text:dhcp_delete_msg)
                  00008c58    00000016     lwiplib.obj (.text:dhcp_t1_timeout)
                  00008c6e    00000016     lwiplib.obj (.text:dhcp_t2_timeout)
                  00008c84    00000016     lwiplib.obj (.text:pbuf_ref)
                  00008c9a    00000002     --HOLE-- [fill = 0]
                  00008c9c    00000014     flash.obj (.text:FlashUserGet)
                  00008cb0    00000014     driverlib.lib : systick.obj (.text:SysTickEnable)
                  00008cc4    00000014                   : systick.obj (.text:SysTickIntEnable)
                  00008cd8    00000014     lwiplib.obj (.text:ipaddr_addr)
                  00008cec    00000014     lwiplib.obj (.text:lwip_init)
                  00008d00    00000014     rtsv7M4_T_le_v4SPD16_eabi.lib : _lock.obj (.text)
                  00008d14    00000014                                   : strlen.obj (.text)
                  00008d28    00000014     lwiplib.obj (.text:sys_arch_unprotect)
                  00008d3c    00000014     lwiplib.obj (.text:tcp_close)
                  00008d50    00000012     gpio.obj (.text:GPIOPinTypeEthernetLED)
                  00008d62    00000012     gpio.obj (.text:GPIOPinTypeSSI)
                  00008d74    00000012     gpio.obj (.text:GPIOPinTypeUART)
                  00008d86    00000012     ssi.obj (.text:SSIDataGetNonBlocking)
                  00008d98    00000012     lwiplib.obj (.text:dhcp_option_byte)
                  00008daa    00000012     lwiplib.obj (.text:dns_check_entries)
                  00008dbc    00000012     lwiplib.obj (.text:netif_set_link_down)
                  00008dce    00000012     lwiplib.obj (.text:pbuf_clen)
                  00008de0    00000012     lwiplib.obj (.text:tcp_segs_free)
                  00008df2    00000002     --HOLE-- [fill = 0]
                  00008df4    00000010     driverlib.lib : emac.obj (.text:EMACFrameFilterSet)
                  00008e04    00000010     eth_client.obj (.text:EthClientProxySet)
                  00008e14    00000010     interrupt.obj (.text:IntMasterEnable)
                  00008e24    00000010     driverlib.lib : systick.obj (.text:SysTickPeriodSet)
                  00008e34    00000010     lwiplib.obj (.text:autoip_stop)
                  00008e44    00000010     lwiplib.obj (.text:dhcp_set_state)
                  00008e54    00000010     lwiplib.obj (.text:dns_tmr)
                  00008e64    00000010     lwiplib.obj (.text:inet_chksum)
                  00008e74    00000010     lwiplib.obj (.text:pbuf_chain)
                  00008e84    00000010     lwiplib.obj (.text:sys_arch_protect)
                  00008e94    0000000e     uartstdio.obj (.text:IsBufferEmpty)
                  00008ea2    0000000e     rtsv7M4_T_le_v4SPD16_eabi.lib : copy_decompress_none.obj (.text:decompress:none)
                  00008eb0    0000000c     cpu.obj (.text:CPUcpsie)
                  00008ebc    0000000c     ssi.obj (.text:SSIAdvModeSet)
                  00008ec8    0000000c     ssi.obj (.text:SSIDataGet)
                  00008ed4    0000000c     sysctl.obj (.text:SysCtlMOSCConfigSet)
                  00008ee0    0000000c     lwiplib.obj (.text:autoip_restart)
                  00008eec    0000000c     lwiplib.obj (.text:lwip_htons)
                  00008ef8    0000000c     lwiplib.obj (.text:netif_set_default)
                  00008f04    0000000c     lwiplib.obj (.text:netif_set_gw)
                  00008f10    0000000c     lwiplib.obj (.text:netif_set_netmask)
                  00008f1c    0000000c     lwiplib.obj (.text:sys_now)
                  00008f28    0000000a     ssi.obj (.text:SSIDataPut)
                  00008f32    0000000a     ssi.obj (.text:SSIEnable)
                  00008f3c    00000008     driverlib.lib : emac.obj (.text:EMACTxDMAPollDemand)
                  00008f44    00000008     rfid.obj (.text:MFRC522Reset)
                  00008f4c    00000008     ssi.obj (.text:SSIBusy)
                  00008f54    00000008     lwiplib.obj (.text:icmp_dest_unreach)
                  00008f5c    00000006     driverlib.lib : emac.obj (.text:EMACRxDMADescriptorListSet)
                  00008f62    00000006                   : emac.obj (.text:EMACTimestampIntStatus)
                  00008f68    00000006                   : emac.obj (.text:EMACTxDMADescriptorListSet)
                  00008f6e    00000006     gpio.obj (.text:GPIOPinWrite)
                  00008f74    00000006     startup_ccs.obj (.text:ResetISR)
                  00008f7a    00000006     ssi.obj (.text:SSIClockSourceSet)
                  00008f80    00000006     sysctl.obj (.text:SysCtlDelay)
                  00008f86    00000006     uart.obj (.text:UARTClockSourceSet)
                  00008f8c    00000006     rtsv7M4_T_le_v4SPD16_eabi.lib : copy_decompress_rle.obj (.text:decompress:rle24)
                  00008f92    00000006     lwiplib.obj (.text:tcp_abort)
                  00008f98    00000006     lwiplib.obj (.text:tcp_err)
                  00008f9e    00000006     lwiplib.obj (.text:tcp_recv)
                  00008fa4    00000006     lwiplib.obj (.text:udp_recv)
                  00008faa    00000004     ssi.obj (.text:SSIIntClear)
                  00008fae    00000004     rtsv7M4_T_le_v4SPD16_eabi.lib : pre_init.obj (.text)
                  00008fb2    00000004     lwiplib.obj (.text:tcp_sent)

.const     0    00008fb8    000005f0     
                  00008fb8    000001b0     sysctl.obj (.const:g_pppui32XTALtoVCO)
                  00009168    00000114     lcd.obj (.const:.string)
                  0000927c    0000009c     interrupt.obj (.const:g_pui32Regs)
                  00009318    00000090     gpio.obj (.const:g_pui32GPIOBaseAddrs)
                  000093a8    0000006c     sysctl.obj (.const:g_pui32Xtals)
                  00009414    00000060     timer.obj (.const:g_ppui32TimerIntMap)
                  00009474    00000040     timer.obj (.const:g_ppui32TimerIntMapSnowflake)
                  000094b4    00000030     sysctl.obj (.const:g_sXTALtoMEMTIM)
                  000094e4    00000020     interrupt.obj (.const:g_pui32Priority)
                  00009504    00000018     driverlib.lib : emac.obj (.const)
                  0000951c    00000014     interrupt.obj (.const:g_pui32EnRegs)
                  00009530    00000010     lwiplib.obj (.const:memp_num)
                  00009540    00000010     lwiplib.obj (.const:memp_sizes)
                  00009550    0000000d     lwiplib.obj (.const:.string:tcp_backoff)
                  0000955d    00000003     --HOLE-- [fill = 0]
                  00009560    0000000c     uartstdio.obj (.const:g_ui32UARTBase)
                  0000956c    0000000c     uartstdio.obj (.const:g_ui32UARTInt)
                  00009578    0000000c     uartstdio.obj (.const:g_ui32UARTPeriph)
                  00009584    00000008     sysctl.obj (.const:g_pui32VCOFrequencies)
                  0000958c    00000007     lwiplib.obj (.const:.string:tcp_persist_backoff)
                  00009593    00000006     lwiplib.obj (.const:ethbroadcast)
                  00009599    00000006     lwiplib.obj (.const:ethzero)
                  0000959f    00000001     --HOLE-- [fill = 0]
                  000095a0    00000004     lwiplib.obj (.const:ip_addr_any)
                  000095a4    00000004     lwiplib.obj (.const:ip_addr_broadcast)

.cinit     0    000095a8    000000e4     
                  000095a8    000000a6     (.cinit..data.load) [load image, compression = rle]
                  0000964e    00000002     --HOLE-- [fill = 0]
                  00009650    0000000b     (.cinit..bss.load) [load image, compression = rle]
                  0000965b    00000005     --HOLE-- [fill = 0]
                  00009660    0000000b     (.cinit..vtable.load) [load image, compression = rle]
                  0000966b    00000001     --HOLE-- [fill = 0]
                  0000966c    00000008     (__TI_handler_table)
                  00009674    00000018     (__TI_cinit_table)

.init_array 
*          0    00000000    00000000     UNINITIALIZED

.vtable    0    20000000    0000026c     UNINITIALIZED
                  20000000    0000026c     interrupt.obj (.vtable)

.bss       0    2000026c    0000c99b     UNINITIALIZED
                  2000026c    00008014     (.common:ram_heap)
                  20008280    00002eb4     lwiplib.obj (.bss:memp_memory)
                  2000b134    00000810     (.common:g_sUser)
                  2000b944    00000460     lwiplib.obj (.bss:dns_table)
                  2000bda4    00000400     uartstdio.obj (.bss:g_pcUARTTxBuffer)
                  2000c1a4    0000022c     (.common:g_psUserInfo)
                  2000c3d0    00000204     lwiplib.obj (.bss:dns_payload_buffer)
                  2000c5d4    00000120     (.common:g_pRxDescriptors)
                  2000c6f4    00000120     (.common:g_pTxDescriptors)
                  2000c814    000000ea     (.common:lwip_stats)
                  2000c8fe    00000002     (.common:indiceAmostra)
                  2000c900    000000c8     lwiplib.obj (.bss:arp_table)
                  2000c9c8    00000080     uartstdio.obj (.bss:g_pcUARTRxBuffer)
                  2000ca48    0000005c     lwiplib.obj (.bss)
                  2000caa4    00000038     lwiplib.obj (.bss:g_sNetIF)
                  2000cadc    00000028     (.common:dhcp_rx_options_val)
                  2000cb04    00000028     (.common:g_sEnet)
                  2000cb2c    00000020     lwiplib.obj (.bss:memp_tab)
                  2000cb4c    00000014     (.common:g_pcIPAddr)
                  2000cb60    00000010     flash_pb.obj (.bss)
                  2000cb70    00000010     lwiplib.obj (.bss:inseg)
                  2000cb80    0000000c     (.common:dhcp_rx_options_given)
                  2000cb8c    00000008     lwiplib.obj (.bss:dns_servers)
                  2000cb94    00000008     uartstdio.obj (.bss)
                  2000cb9c    00000008     (.common:RFIDCardPassWord)
                  2000cba4    00000004     (.common:current_header)
                  2000cba8    00000004     (.common:current_iphdr_dest)
                  2000cbac    00000004     (.common:current_iphdr_src)
                  2000cbb0    00000004     (.common:current_netif)
                  2000cbb4    00000004     (.common:g_pfnTimerHandler)
                  2000cbb8    00000004     (.common:g_ui32AbnormalInts)
                  2000cbbc    00000004     (.common:g_ui32Delay)
                  2000cbc0    00000004     (.common:g_ui32IPaddr)
                  2000cbc4    00000004     (.common:g_ui32NormalInts)
                  2000cbc8    00000004     (.common:g_ui32SysClock)
                  2000cbcc    00000004     (.common:led3s)
                  2000cbd0    00000004     (.common:ledConv)
                  2000cbd4    00000004     (.common:netif_default)
                  2000cbd8    00000004     (.common:netif_list)
                  2000cbdc    00000004     (.common:tcp_active_pcbs)
                  2000cbe0    00000004     (.common:tcp_bound_pcbs)
                  2000cbe4    00000004     (.common:tcp_input_pcb)
                  2000cbe8    00000004     (.common:tcp_listen_pcbs)
                  2000cbec    00000004     (.common:tcp_ticks)
                  2000cbf0    00000004     (.common:tcp_tmp_pcb)
                  2000cbf4    00000004     (.common:tcp_tw_pcbs)
                  2000cbf8    00000004     (.common:udp_pcbs)
                  2000cbfc    00000004     (.common:ui32SysClock)
                  2000cc00    00000004     (.common:ulDelayms)
                  2000cc04    00000001     (.common:conversionEnd)
                  2000cc05    00000001     (.common:pbuf_free_ooseq_pending)
                  2000cc06    00000001     (.common:tcp_active_pcbs_changed)

.stack     0    2000cc08    00000800     UNINITIALIZED
                  2000cc08    00000800     --HOLE--

.data      0    2000d408    000000fc     UNINITIALIZED
                  2000d408    00000054     lcd.obj (.data)
                  2000d45c    0000003c     lwiplib.obj (.data)
                  2000d498    00000015     uartstdio.obj (.data)
                  2000d4ad    00000002     Hardware.obj (.data)
                  2000d4af    00000001     main.obj (.data)
                  2000d4b0    00000010     lwiplib.obj (.data:g_RxDescList)
                  2000d4c0    00000010     lwiplib.obj (.data:g_TxDescList)
                  2000d4d0    0000000c     rtsv7M4_T_le_v4SPD16_eabi.lib : exit.obj (.data:$O1$$)
                  2000d4dc    0000000c     lwiplib.obj (.data:g_StellarisIFData)
                  2000d4e8    00000008     rtsv7M4_T_le_v4SPD16_eabi.lib : _lock.obj (.data:$O1$$)
                  2000d4f0    00000005     Hardware.obj (.data:RFIDCardPassWord1)
                  2000d4f5    00000005     Hardware.obj (.data:RFIDCardPassWord2)
                  2000d4fa    00000005     Hardware.obj (.data:RFIDCardPassWord3)
                  2000d4ff    00000001     --HOLE--
                  2000d500    00000004     rtsv7M4_T_le_v4SPD16_eabi.lib : stkdepth_vars.obj (.data)

MODULE SUMMARY

       Module                     code    ro data   rw data
       ------                     ----    -------   -------
    .\
       eth_client.obj             714     0         2104   
       main.obj                   1332    0         598    
       sysctl.obj                 822     596       0      
       interrupt.obj              240     208       620    
       Hardware.obj               792     0         33     
       rfid.obj                   804     0         0      
       gpio.obj                   508     144       0      
       lcd.obj                    240     276       84     
       startup_ccs.obj            12      512       0      
       timer.obj                  228     160       0      
       ssi.obj                    140     0         0      
       spi.obj                    40      0         0      
       MyString.obj               32      0         0      
       adc.obj                    24      0         0      
       flash.obj                  20      0         0      
       cpu.obj                    12      0         0      
       uart.obj                   6       0         0      
       algorithm.obj              0       0         2      
    +--+--------------------------+-------+---------+---------+
       Total:                     5966    1896      3441   
                                                           
    .\drivers\
       pinout.obj                 536     0         0      
    +--+--------------------------+-------+---------+---------+
       Total:                     536     0         0      
                                                           
    .\utils\
       lwiplib.obj                25768   72        47820  
       uartstdio.obj              1494    36        1181   
       ustdlib.obj                663     0         0      
       flash_pb.obj               136     0         16     
    +--+--------------------------+-------+---------+---------+
       Total:                     28061   108       49017  
                                                           
    C:/ti/tirex-content/TivaWare_C_Series-2.1.3.156/driverlib/ccs/Debug/driverlib.lib
       emac.obj                   684     24        0      
       systick.obj                56      0         0      
    +--+--------------------------+-------+---------+---------+
       Total:                     740     24        0      
                                                           
    C:\ti\ccsv6\tools\compiler\arm_15.12.3.LTS\lib\rtsv7M4_T_le_v4SPD16_eabi.lib
       memcpy_t2.obj              156     0         0      
       memset_t2.obj              122     0         0      
       autoinit.obj               112     0         0      
       copy_decompress_rle.obj    112     0         0      
       exit.obj                   84      0         12     
       boot.obj                   84      0         0      
       cpy_tbl.obj                76      0         0      
       u_divt2.obj                64      0         0      
       memcmp.obj                 34      0         0      
       _lock.obj                  20      0         8      
       args_main.obj              24      0         0      
       strcmp.obj                 24      0         0      
       strlen.obj                 20      0         0      
       copy_decompress_none.obj   14      0         0      
       pre_init.obj               4       0         0      
       stkdepth_vars.obj          0       0         4      
       i_div0.obj                 2       0         0      
       mpu_init.obj               2       0         0      
       startup.obj                2       0         0      
    +--+--------------------------+-------+---------+---------+
       Total:                     956     0         24     
                                                           
       Stack:                     0       0         2048   
       Linker Generated:          0       220       0      
    +--+--------------------------+-------+---------+---------+
       Grand Total:               36259   2248      54530  


LINKER GENERATED COPY TABLES

__TI_cinit_table @ 00009674 records: 3, size/record: 8, table size: 24
	.data: load addr=000095a8, load size=000000a6 bytes, run addr=2000d408, run size=000000fc bytes, compression=rle
	.bss: load addr=00009650, load size=0000000b bytes, run addr=2000026c, run size=0000c99b bytes, compression=rle
	.vtable: load addr=00009660, load size=0000000b bytes, run addr=20000000, run size=0000026c bytes, compression=rle


LINKER GENERATED HANDLER TABLE

__TI_handler_table @ 0000966c records: 2, size/record: 4, table size: 8
	index: 0, handler: __TI_decompress_rle24
	index: 1, handler: __TI_decompress_none


GLOBAL SYMBOLS: SORTED ALPHABETICALLY BY Name 

address   name                           
-------   ----                           
00008a69  ADCClockConfigSet              
00005749  ADCInit                        
00007225  C$$EXIT                        
00008eb1  CPUcpsie                       
2000d410  ContDelayMS                    
2000d414  ContDelayUS                    
000088e9  EMACAddrGet                    
00008059  EMACConfigGet                  
00007df1  EMACConfigSet                  
00008df5  EMACFrameFilterSet             
000060b9  EMACInit                       
0000808d  EMACIntClear                   
00007d7d  EMACIntEnable                  
000083a9  EMACIntStatus                  
00006e71  EMACPHYConfigSet               
000085d1  EMACPHYRead                    
000085f7  EMACPHYWrite                   
00008c01  EMACReset                      
00008f5d  EMACRxDMADescriptorListSet     
00008c17  EMACRxEnable                   
00008f63  EMACTimestampIntStatus         
00008f69  EMACTxDMADescriptorListSet     
00008f3d  EMACTxDMAPollDemand            
00008c2d  EMACTxEnable                   
00007e29  EnetEvents                     
00008979  EthClientAddrGet               
00007a3d  EthClientDHCPConnect           
0000731d  EthClientDNSResolve            
00005ec9  EthClientInit                  
00008e05  EthClientProxySet              
00007e61  EthClientReset                 
00008669  EthClientSend                  
00003639  EthClientTick                  
00006ec9  FlashPBInit                    
00008c9d  FlashUserGet                   
000084b1  GPIODirModeSet                 
00006f21  GPIOInit                       
0000319d  GPIOPadConfigSet               
00007599  GPIOPinConfigure               
00008d51  GPIOPinTypeEthernetLED         
00008a81  GPIOPinTypeGPIOOutput          
00008d63  GPIOPinTypeSSI                 
00008d75  GPIOPinTypeUART                
00008f6f  GPIOPinWrite                   
00002881  HardwareInit                   
000063e9  ISR_Timer1A                    
000075e5  InitConsole                    
00004bd1  InitDMADescriptors             
00006599  IntEnable                      
00008e15  IntMasterEnable                
000087a9  IntPriorityGroupingSet         
0000868d  IntPrioritySet                 
000080c1  IntRegister                    
00008925  LCDClear                       
2000d409  LCDColumn                      
00005ab9  LCDInit                        
2000d408  LCDRow                         
0000736d  LCDWriteCmd                    
00008ab1  MFRC522AntennaOn               
00007a81  MFRC522Anticoll                
00006dbd  MFRC522CalculateCRC            
000089cd  MFRC522ClearBitMask            
000083d5  MFRC522Halt                    
00007081  MFRC522Init                    
000089e7  MFRC522IsCard                  
00007c8d  MFRC522Read                    
0000834d  MFRC522Request                 
00008f45  MFRC522Reset                   
00008ac9  MFRC522SetBitMask              
000041a9  MFRC522ToCard                  
00007b8d  MFRC522Write                   
00001b69  PinoutSet                      
2000cb9c  RFIDCardPassWord               
2000d4f0  RFIDCardPassWord1              
2000d4f5  RFIDCardPassWord2              
2000d4fa  RFIDCardPassWord3              
00008f75  ResetISR                       
00008ae1  ResetUser                      
UNDEFED   SHT$$INIT_ARRAY$$Base          
UNDEFED   SHT$$INIT_ARRAY$$Limit         
00008531  SPITransfer                    
00008ebd  SSIAdvModeSet                  
00008f4d  SSIBusy                        
00008f7b  SSIClockSourceSet              
00007cc9  SSIConfigSetExpClk             
00008ec9  SSIDataGet                     
00008d87  SSIDataGetNonBlocking          
00008f29  SSIDataPut                     
00008f33  SSIEnable                      
00008fab  SSIIntClear                    
000087c9  StrCompare                     
00001d81  SysCtlClockFreqSet             
00008f81  SysCtlDelay                    
00008ed5  SysCtlMOSCConfigSet            
000080f5  SysCtlPeripheralEnable         
00007e99  SysCtlPeripheralReady          
000073bd  SysCtlPeripheralReset          
00008cb1  SysTickEnable                  
00008cc5  SysTickIntEnable               
00008941  SysTickIntHandler              
00008e25  SysTickPeriodSet               
00003cb5  TesteRFID                      
00006f79  TimerControlTrigger            
00008af9  TimerIntRegister               
00008559  TimerUpdateMode                
00008f87  UARTClockSourceSet             
00008401  UARTFlushRx                    
00007d05  UARTFlushTx                    
00004f81  UARTStdioConfig                
000029f9  UARTStdioIntHandler            
00008a01  UARTprintf                     
00002361  UARTvprintf                    
00005189  UARTwrite                      
0000740d  UpdateIPAddress                
2000d408  __STACK_END                    
00000800  __STACK_SIZE                   
2000d408  __STACK_TOP                    
00009674  __TI_CINIT_Base                
0000968c  __TI_CINIT_Limit               
0000966c  __TI_Handler_Table_Base        
00009674  __TI_Handler_Table_Limit       
00006309  __TI_auto_init                 
2000d4d0  __TI_cleanup_ptr               
00008ea3  __TI_decompress_none           
00008f8d  __TI_decompress_rle24          
2000d4d4  __TI_dtors_ptr                 
2000d4d8  __TI_enable_exit_profile_output
ffffffff  __TI_pprof_out_hndl            
ffffffff  __TI_prof_data_size            
ffffffff  __TI_prof_data_start           
00000000  __TI_static_base__             
00005cc7  __aeabi_idiv0                  
0000603d  __aeabi_memclr                 
0000603d  __aeabi_memclr4                
0000603d  __aeabi_memclr8                
000056ad  __aeabi_memcpy                 
000056ad  __aeabi_memcpy4                
000056ad  __aeabi_memcpy8                
0000603f  __aeabi_memset                 
0000603f  __aeabi_memset4                
0000603f  __aeabi_memset8                
00007c0d  __aeabi_uidiv                  
00007c0d  __aeabi_uidivmod               
ffffffff  __binit__                      
ffffffff  __c_args__                     
000060b7  __mpu_init                     
2000cc08  __stack                        
00008ba1  _args_main                     
000071d1  _c_int00                       
2000d4e8  _lock                          
00008d0f  _nop                           
00008d07  _register_lock                 
00008d01  _register_unlock               
00006597  _system_post_cinit             
00008faf  _system_pre_init               
2000d4ec  _unlock                        
00007229  abort                          
00005c45  autoip_arp_reply               
00008a1b  autoip_network_changed         
00006fd1  autoip_start                   
00008e35  autoip_stop                    
00004701  autoip_tmr                     
ffffffff  binit                          
0000767d  buscaCadastro                  
2000d4ad  cardStatus                     
2000d40a  cont                           
2000cc04  conversionEnd                  
00007715  copy_in                        
2000d40c  cronometro                     
2000cba4  current_header                 
2000cba8  current_iphdr_dest             
2000cbac  current_iphdr_src              
2000cbb0  current_netif                  
00008a35  dhcp_arp_reply                 
00007d41  dhcp_coarse_tmr                
00007ed1  dhcp_fine_tmr                  
00007ac5  dhcp_network_changed           
00005381  dhcp_release                   
00005d49  dhcp_renew                     
2000cb80  dhcp_rx_options_given          
2000cadc  dhcp_rx_options_val            
00005231  dhcp_start                     
00007f41  dhcp_stop                      
00006b95  dns_gethostbyname              
00006941  dns_init                       
000086b1  dns_setserver                  
00008e55  dns_tmr                        
2000d40b  ende                           
00008581  etharp_cleanup_netif           
00003755  etharp_output                  
00003871  etharp_query                   
0000454d  etharp_raw                     
00008485  etharp_request                 
00007bcd  etharp_tmr                     
00009593  ethbroadcast                   
000054c9  ethernet_input                 
00009599  ethzero                        
00007231  exit                           
2000d4b0  g_RxDescList                   
2000d4c0  g_TxDescList                   
2000d4af  g_iState                       
2000c5d4  g_pRxDescriptors               
2000c6f4  g_pTxDescriptors               
2000cb4c  g_pcIPAddr                     
20000000  g_pfnRAMVectors                
2000cbb4  g_pfnTimerHandler              
00000000  g_pfnVectors                   
2000c1a4  g_psUserInfo                   
2000cb04  g_sEnet                        
2000b134  g_sUser                        
2000cbb8  g_ui32AbnormalInts             
2000cbbc  g_ui32Delay                    
2000cbc0  g_ui32IPaddr                   
2000d460  g_ui32LocalTimer               
2000cbc4  g_ui32NormalInts               
2000cbc8  g_ui32SysClock                 
00008f55  icmp_dest_unreach              
0000254d  icmp_input                     
2000c8fe  indiceAmostra                  
00008e65  inet_chksum                    
000074fb  inet_chksum_pbuf               
0000560d  inet_chksum_pseudo             
00006131  interruptInit                  
000081f9  ip4_addr_isbroadcast           
000095a0  ip_addr_any                    
000095a4  ip_addr_broadcast              
00001f81  ip_input                       
000078d5  ip_output                      
00003fbd  ip_output_if                   
000076c9  ip_route                       
00008cd9  ipaddr_addr                    
00003a99  ipaddr_aton                    
2000cbcc  led3s                          
2000cbd0  ledConv                        
00006bf1  lwIPEthernetIntHandler         
0000590b  lwIPHostTimerHandler           
00004385  lwIPInit                       
00008979  lwIPLocalIPAddrGet             
000086f9  lwIPNetworkConfigChange        
00008869  lwIPTimer                      
00008a4f  lwip_htonl                     
00008eed  lwip_htons                     
00008ced  lwip_init                      
00008a4f  lwip_ntohl                     
00008eed  lwip_ntohs                     
2000c814  lwip_stats                     
000033f9  main                           
2000d500  main_func_sp                   
000069a5  mem_free                       
00007129  mem_init                       
00003ba9  mem_malloc                     
00003dbd  mem_trim                       
00008787  memcmp                         
000056ad  memcpy                         
00007fb1  memp_free                      
000064c1  memp_init                      
00006c4d  memp_malloc                    
00006045  memset                         
0000717d  netif_add                      
2000cbd4  netif_default                  
2000cbd8  netif_list                     
00008995  netif_set_addr                 
00008ef9  netif_set_default              
00008907  netif_set_down                 
00008f05  netif_set_gw                   
000066d1  netif_set_ipaddr               
00008dbd  netif_set_link_down            
00007c4d  netif_set_link_up              
00008f11  netif_set_netmask              
0000871d  netif_set_up                   
00002f31  pbuf_alloc                     
000085a9  pbuf_cat                       
00008e75  pbuf_chain                     
00008dcf  pbuf_clen                      
00005879  pbuf_copy                      
00006739  pbuf_copy_partial              
00007549  pbuf_free                      
2000cc05  pbuf_free_ooseq_pending        
00006ad1  pbuf_header                    
00006e17  pbuf_realloc                   
00008c85  pbuf_ref                       
2000026c  ram_heap                       
00006295  raw_input                      
2000d458  str_Aguarde                    
2000d434  str_CadastreRFID               
2000d450  str_Gravando                   
2000d418  str_PassRFID                   
2000d44c  str_PassRFIDAgain              
2000d420  str_PortaTrancada              
2000d448  str_RFIDNapLido                
2000d41c  str_TrancaEletronica           
2000d454  str_apaga                      
2000d438  str_entrada                    
2000d444  str_erro                       
2000d43c  str_nao                        
2000d440  str_permitida                  
2000d430  str_semCadastro                
2000d424  str_voice                      
2000d428  str_voice1                     
2000d42c  str_voice2                     
00008bb9  strcmp                         
00008d15  strlen                         
00008e85  sys_arch_protect               
00008d29  sys_arch_unprotect             
00008f1d  sys_now                        
000067a1  sys_timeout                    
00006b35  sys_timeouts_init              
00006a6d  systemInit                     
0000590d  tcp_abandon                    
00008f93  tcp_abort                      
2000cbdc  tcp_active_pcbs                
2000cc06  tcp_active_pcbs_changed        
000047d5  tcp_alloc                      
00009550  tcp_backoff                    
2000cbe0  tcp_bound_pcbs                 
00008d3d  tcp_close                      
00008889  tcp_eff_send_mss               
000052d9  tcp_enqueue_flags              
00008f99  tcp_err                        
00006379  tcp_fasttmr                    
000009bd  tcp_input                      
2000cbe4  tcp_input_pcb                  
00006ca9  tcp_keepalive                  
2000cbe8  tcp_listen_pcbs                
00008bd1  tcp_next_iss                   
000026f1  tcp_output                     
00007b49  tcp_pcb_purge                  
00006d05  tcp_pcb_remove                 
0000958c  tcp_persist_backoff            
00006871  tcp_process_refused_data       
00008f9f  tcp_recv                       
00008643  tcp_recv_null                  
0000822b  tcp_recved                     
00007029  tcp_rexmit                     
00007965  tcp_rexmit_fast                
0000837b  tcp_rexmit_rto                 
0000599d  tcp_rst                        
00008741  tcp_seg_copy                   
00008be9  tcp_seg_free                   
00008de1  tcp_segs_free                  
00006d61  tcp_send_empty_ack             
000079f5  tcp_send_fin                   
00008fb3  tcp_sent                       
00001429  tcp_slowtmr                    
2000cbec  tcp_ticks                      
00008191  tcp_timer_needed               
2000cbf0  tcp_tmp_pcb                    
000088a9  tcp_tmr                        
2000cbf4  tcp_tw_pcbs                    
000082ed  tcp_update_rcv_ann_wnd         
0000113d  tcp_write                      
000050dd  tcp_zero_window_probe          
00003519  timerInit                      
000081c5  tivaif_init                    
00007761  tivaif_interrupt               
00005fc1  tivaif_process_phy_interrupt   
000068d9  udp_bind                       
000077ad  udp_connect                    
00002171  udp_input                      
000089b1  udp_new                        
2000cbf8  udp_pcbs                       
00008fa5  udp_recv                       
0000831d  udp_remove                     
00008021  udp_sendto                     
00004299  udp_sendto_if                  
2000cbfc  ui32SysClock                   
2000cc00  ulDelayms                      
2000d4ae  userStatus                     
000088c9  usprintf                       
00008505  ustrncpy                       
000016f1  uvsnprintf                     


GLOBAL SYMBOLS: SORTED BY Symbol Address 

address   name                           
-------   ----                           
00000000  __TI_static_base__             
00000000  g_pfnVectors                   
00000800  __STACK_SIZE                   
000009bd  tcp_input                      
0000113d  tcp_write                      
00001429  tcp_slowtmr                    
000016f1  uvsnprintf                     
00001b69  PinoutSet                      
00001d81  SysCtlClockFreqSet             
00001f81  ip_input                       
00002171  udp_input                      
00002361  UARTvprintf                    
0000254d  icmp_input                     
000026f1  tcp_output                     
00002881  HardwareInit                   
000029f9  UARTStdioIntHandler            
00002f31  pbuf_alloc                     
0000319d  GPIOPadConfigSet               
000033f9  main                           
00003519  timerInit                      
00003639  EthClientTick                  
00003755  etharp_output                  
00003871  etharp_query                   
00003a99  ipaddr_aton                    
00003ba9  mem_malloc                     
00003cb5  TesteRFID                      
00003dbd  mem_trim                       
00003fbd  ip_output_if                   
000041a9  MFRC522ToCard                  
00004299  udp_sendto_if                  
00004385  lwIPInit                       
0000454d  etharp_raw                     
00004701  autoip_tmr                     
000047d5  tcp_alloc                      
00004bd1  InitDMADescriptors             
00004f81  UARTStdioConfig                
000050dd  tcp_zero_window_probe          
00005189  UARTwrite                      
00005231  dhcp_start                     
000052d9  tcp_enqueue_flags              
00005381  dhcp_release                   
000054c9  ethernet_input                 
0000560d  inet_chksum_pseudo             
000056ad  __aeabi_memcpy                 
000056ad  __aeabi_memcpy4                
000056ad  __aeabi_memcpy8                
000056ad  memcpy                         
00005749  ADCInit                        
00005879  pbuf_copy                      
0000590b  lwIPHostTimerHandler           
0000590d  tcp_abandon                    
0000599d  tcp_rst                        
00005ab9  LCDInit                        
00005c45  autoip_arp_reply               
00005cc7  __aeabi_idiv0                  
00005d49  dhcp_renew                     
00005ec9  EthClientInit                  
00005fc1  tivaif_process_phy_interrupt   
0000603d  __aeabi_memclr                 
0000603d  __aeabi_memclr4                
0000603d  __aeabi_memclr8                
0000603f  __aeabi_memset                 
0000603f  __aeabi_memset4                
0000603f  __aeabi_memset8                
00006045  memset                         
000060b7  __mpu_init                     
000060b9  EMACInit                       
00006131  interruptInit                  
00006295  raw_input                      
00006309  __TI_auto_init                 
00006379  tcp_fasttmr                    
000063e9  ISR_Timer1A                    
000064c1  memp_init                      
00006597  _system_post_cinit             
00006599  IntEnable                      
000066d1  netif_set_ipaddr               
00006739  pbuf_copy_partial              
000067a1  sys_timeout                    
00006871  tcp_process_refused_data       
000068d9  udp_bind                       
00006941  dns_init                       
000069a5  mem_free                       
00006a6d  systemInit                     
00006ad1  pbuf_header                    
00006b35  sys_timeouts_init              
00006b95  dns_gethostbyname              
00006bf1  lwIPEthernetIntHandler         
00006c4d  memp_malloc                    
00006ca9  tcp_keepalive                  
00006d05  tcp_pcb_remove                 
00006d61  tcp_send_empty_ack             
00006dbd  MFRC522CalculateCRC            
00006e17  pbuf_realloc                   
00006e71  EMACPHYConfigSet               
00006ec9  FlashPBInit                    
00006f21  GPIOInit                       
00006f79  TimerControlTrigger            
00006fd1  autoip_start                   
00007029  tcp_rexmit                     
00007081  MFRC522Init                    
00007129  mem_init                       
0000717d  netif_add                      
000071d1  _c_int00                       
00007225  C$$EXIT                        
00007229  abort                          
00007231  exit                           
0000731d  EthClientDNSResolve            
0000736d  LCDWriteCmd                    
000073bd  SysCtlPeripheralReset          
0000740d  UpdateIPAddress                
000074fb  inet_chksum_pbuf               
00007549  pbuf_free                      
00007599  GPIOPinConfigure               
000075e5  InitConsole                    
0000767d  buscaCadastro                  
000076c9  ip_route                       
00007715  copy_in                        
00007761  tivaif_interrupt               
000077ad  udp_connect                    
000078d5  ip_output                      
00007965  tcp_rexmit_fast                
000079f5  tcp_send_fin                   
00007a3d  EthClientDHCPConnect           
00007a81  MFRC522Anticoll                
00007ac5  dhcp_network_changed           
00007b49  tcp_pcb_purge                  
00007b8d  MFRC522Write                   
00007bcd  etharp_tmr                     
00007c0d  __aeabi_uidiv                  
00007c0d  __aeabi_uidivmod               
00007c4d  netif_set_link_up              
00007c8d  MFRC522Read                    
00007cc9  SSIConfigSetExpClk             
00007d05  UARTFlushTx                    
00007d41  dhcp_coarse_tmr                
00007d7d  EMACIntEnable                  
00007df1  EMACConfigSet                  
00007e29  EnetEvents                     
00007e61  EthClientReset                 
00007e99  SysCtlPeripheralReady          
00007ed1  dhcp_fine_tmr                  
00007f41  dhcp_stop                      
00007fb1  memp_free                      
00008021  udp_sendto                     
00008059  EMACConfigGet                  
0000808d  EMACIntClear                   
000080c1  IntRegister                    
000080f5  SysCtlPeripheralEnable         
00008191  tcp_timer_needed               
000081c5  tivaif_init                    
000081f9  ip4_addr_isbroadcast           
0000822b  tcp_recved                     
000082ed  tcp_update_rcv_ann_wnd         
0000831d  udp_remove                     
0000834d  MFRC522Request                 
0000837b  tcp_rexmit_rto                 
000083a9  EMACIntStatus                  
000083d5  MFRC522Halt                    
00008401  UARTFlushRx                    
00008485  etharp_request                 
000084b1  GPIODirModeSet                 
00008505  ustrncpy                       
00008531  SPITransfer                    
00008559  TimerUpdateMode                
00008581  etharp_cleanup_netif           
000085a9  pbuf_cat                       
000085d1  EMACPHYRead                    
000085f7  EMACPHYWrite                   
00008643  tcp_recv_null                  
00008669  EthClientSend                  
0000868d  IntPrioritySet                 
000086b1  dns_setserver                  
000086f9  lwIPNetworkConfigChange        
0000871d  netif_set_up                   
00008741  tcp_seg_copy                   
00008787  memcmp                         
000087a9  IntPriorityGroupingSet         
000087c9  StrCompare                     
00008869  lwIPTimer                      
00008889  tcp_eff_send_mss               
000088a9  tcp_tmr                        
000088c9  usprintf                       
000088e9  EMACAddrGet                    
00008907  netif_set_down                 
00008925  LCDClear                       
00008941  SysTickIntHandler              
00008979  EthClientAddrGet               
00008979  lwIPLocalIPAddrGet             
00008995  netif_set_addr                 
000089b1  udp_new                        
000089cd  MFRC522ClearBitMask            
000089e7  MFRC522IsCard                  
00008a01  UARTprintf                     
00008a1b  autoip_network_changed         
00008a35  dhcp_arp_reply                 
00008a4f  lwip_htonl                     
00008a4f  lwip_ntohl                     
00008a69  ADCClockConfigSet              
00008a81  GPIOPinTypeGPIOOutput          
00008ab1  MFRC522AntennaOn               
00008ac9  MFRC522SetBitMask              
00008ae1  ResetUser                      
00008af9  TimerIntRegister               
00008ba1  _args_main                     
00008bb9  strcmp                         
00008bd1  tcp_next_iss                   
00008be9  tcp_seg_free                   
00008c01  EMACReset                      
00008c17  EMACRxEnable                   
00008c2d  EMACTxEnable                   
00008c85  pbuf_ref                       
00008c9d  FlashUserGet                   
00008cb1  SysTickEnable                  
00008cc5  SysTickIntEnable               
00008cd9  ipaddr_addr                    
00008ced  lwip_init                      
00008d01  _register_unlock               
00008d07  _register_lock                 
00008d0f  _nop                           
00008d15  strlen                         
00008d29  sys_arch_unprotect             
00008d3d  tcp_close                      
00008d51  GPIOPinTypeEthernetLED         
00008d63  GPIOPinTypeSSI                 
00008d75  GPIOPinTypeUART                
00008d87  SSIDataGetNonBlocking          
00008dbd  netif_set_link_down            
00008dcf  pbuf_clen                      
00008de1  tcp_segs_free                  
00008df5  EMACFrameFilterSet             
00008e05  EthClientProxySet              
00008e15  IntMasterEnable                
00008e25  SysTickPeriodSet               
00008e35  autoip_stop                    
00008e55  dns_tmr                        
00008e65  inet_chksum                    
00008e75  pbuf_chain                     
00008e85  sys_arch_protect               
00008ea3  __TI_decompress_none           
00008eb1  CPUcpsie                       
00008ebd  SSIAdvModeSet                  
00008ec9  SSIDataGet                     
00008ed5  SysCtlMOSCConfigSet            
00008eed  lwip_htons                     
00008eed  lwip_ntohs                     
00008ef9  netif_set_default              
00008f05  netif_set_gw                   
00008f11  netif_set_netmask              
00008f1d  sys_now                        
00008f29  SSIDataPut                     
00008f33  SSIEnable                      
00008f3d  EMACTxDMAPollDemand            
00008f45  MFRC522Reset                   
00008f4d  SSIBusy                        
00008f55  icmp_dest_unreach              
00008f5d  EMACRxDMADescriptorListSet     
00008f63  EMACTimestampIntStatus         
00008f69  EMACTxDMADescriptorListSet     
00008f6f  GPIOPinWrite                   
00008f75  ResetISR                       
00008f7b  SSIClockSourceSet              
00008f81  SysCtlDelay                    
00008f87  UARTClockSourceSet             
00008f8d  __TI_decompress_rle24          
00008f93  tcp_abort                      
00008f99  tcp_err                        
00008f9f  tcp_recv                       
00008fa5  udp_recv                       
00008fab  SSIIntClear                    
00008faf  _system_pre_init               
00008fb3  tcp_sent                       
00009550  tcp_backoff                    
0000958c  tcp_persist_backoff            
00009593  ethbroadcast                   
00009599  ethzero                        
000095a0  ip_addr_any                    
000095a4  ip_addr_broadcast              
0000966c  __TI_Handler_Table_Base        
00009674  __TI_CINIT_Base                
00009674  __TI_Handler_Table_Limit       
0000968c  __TI_CINIT_Limit               
20000000  g_pfnRAMVectors                
2000026c  ram_heap                       
2000b134  g_sUser                        
2000c1a4  g_psUserInfo                   
2000c5d4  g_pRxDescriptors               
2000c6f4  g_pTxDescriptors               
2000c814  lwip_stats                     
2000c8fe  indiceAmostra                  
2000cadc  dhcp_rx_options_val            
2000cb04  g_sEnet                        
2000cb4c  g_pcIPAddr                     
2000cb80  dhcp_rx_options_given          
2000cb9c  RFIDCardPassWord               
2000cba4  current_header                 
2000cba8  current_iphdr_dest             
2000cbac  current_iphdr_src              
2000cbb0  current_netif                  
2000cbb4  g_pfnTimerHandler              
2000cbb8  g_ui32AbnormalInts             
2000cbbc  g_ui32Delay                    
2000cbc0  g_ui32IPaddr                   
2000cbc4  g_ui32NormalInts               
2000cbc8  g_ui32SysClock                 
2000cbcc  led3s                          
2000cbd0  ledConv                        
2000cbd4  netif_default                  
2000cbd8  netif_list                     
2000cbdc  tcp_active_pcbs                
2000cbe0  tcp_bound_pcbs                 
2000cbe4  tcp_input_pcb                  
2000cbe8  tcp_listen_pcbs                
2000cbec  tcp_ticks                      
2000cbf0  tcp_tmp_pcb                    
2000cbf4  tcp_tw_pcbs                    
2000cbf8  udp_pcbs                       
2000cbfc  ui32SysClock                   
2000cc00  ulDelayms                      
2000cc04  conversionEnd                  
2000cc05  pbuf_free_ooseq_pending        
2000cc06  tcp_active_pcbs_changed        
2000cc08  __stack                        
2000d408  LCDRow                         
2000d408  __STACK_END                    
2000d408  __STACK_TOP                    
2000d409  LCDColumn                      
2000d40a  cont                           
2000d40b  ende                           
2000d40c  cronometro                     
2000d410  ContDelayMS                    
2000d414  ContDelayUS                    
2000d418  str_PassRFID                   
2000d41c  str_TrancaEletronica           
2000d420  str_PortaTrancada              
2000d424  str_voice                      
2000d428  str_voice1                     
2000d42c  str_voice2                     
2000d430  str_semCadastro                
2000d434  str_CadastreRFID               
2000d438  str_entrada                    
2000d43c  str_nao                        
2000d440  str_permitida                  
2000d444  str_erro                       
2000d448  str_RFIDNapLido                
2000d44c  str_PassRFIDAgain              
2000d450  str_Gravando                   
2000d454  str_apaga                      
2000d458  str_Aguarde                    
2000d460  g_ui32LocalTimer               
2000d4ad  cardStatus                     
2000d4ae  userStatus                     
2000d4af  g_iState                       
2000d4b0  g_RxDescList                   
2000d4c0  g_TxDescList                   
2000d4d0  __TI_cleanup_ptr               
2000d4d4  __TI_dtors_ptr                 
2000d4d8  __TI_enable_exit_profile_output
2000d4e8  _lock                          
2000d4ec  _unlock                        
2000d4f0  RFIDCardPassWord1              
2000d4f5  RFIDCardPassWord2              
2000d4fa  RFIDCardPassWord3              
2000d500  main_func_sp                   
ffffffff  __TI_pprof_out_hndl            
ffffffff  __TI_prof_data_size            
ffffffff  __TI_prof_data_start           
ffffffff  __binit__                      
ffffffff  __c_args__                     
ffffffff  binit                          
UNDEFED   SHT$$INIT_ARRAY$$Base          
UNDEFED   SHT$$INIT_ARRAY$$Limit         

[371 symbols]
