<?xml version="1.0"?>
<link_info>
   <banner>TI ARM Linker Unix v16.9.3.LTS</banner>
   <copyright>Copyright (c) 1996-2017 Texas Instruments Incorporated</copyright>
   <link_time>0x59d452e9</link_time>
   <link_errors>0x0</link_errors>
   <output_file>enet_weather.out</output_file>
   <entry_point>
      <name>_c_int00</name>
      <address>0x70b9</address>
   </entry_point>
   <input_file_list>
      <input_file id="fl-2">
         <path>./</path>
         <kind>object</kind>
         <file>enet_weather.obj</file>
         <name>enet_weather.obj</name>
      </input_file>
      <input_file id="fl-3">
         <path>./</path>
         <kind>object</kind>
         <file>eth_client.obj</file>
         <name>eth_client.obj</name>
      </input_file>
      <input_file id="fl-4">
         <path>./</path>
         <kind>object</kind>
         <file>json.obj</file>
         <name>json.obj</name>
      </input_file>
      <input_file id="fl-5">
         <path>./</path>
         <kind>object</kind>
         <file>startup_ccs.obj</file>
         <name>startup_ccs.obj</name>
      </input_file>
      <input_file id="fl-6">
         <path>./drivers/</path>
         <kind>object</kind>
         <file>http.obj</file>
         <name>http.obj</name>
      </input_file>
      <input_file id="fl-7">
         <path>./drivers/</path>
         <kind>object</kind>
         <file>pinout.obj</file>
         <name>pinout.obj</name>
      </input_file>
      <input_file id="fl-8">
         <path>./utils/</path>
         <kind>object</kind>
         <file>cmdline.obj</file>
         <name>cmdline.obj</name>
      </input_file>
      <input_file id="fl-9">
         <path>./utils/</path>
         <kind>object</kind>
         <file>flash_pb.obj</file>
         <name>flash_pb.obj</name>
      </input_file>
      <input_file id="fl-a">
         <path>./utils/</path>
         <kind>object</kind>
         <file>locator.obj</file>
         <name>locator.obj</name>
      </input_file>
      <input_file id="fl-b">
         <path>./utils/</path>
         <kind>object</kind>
         <file>lwiplib.obj</file>
         <name>lwiplib.obj</name>
      </input_file>
      <input_file id="fl-c">
         <path>./utils/</path>
         <kind>object</kind>
         <file>uartstdio.obj</file>
         <name>uartstdio.obj</name>
      </input_file>
      <input_file id="fl-d">
         <path>./utils/</path>
         <kind>object</kind>
         <file>ustdlib.obj</file>
         <name>ustdlib.obj</name>
      </input_file>
      <input_file id="fl-12">
         <kind>object</kind>
         <file>&lt;internal&gt;</file>
         <name>&lt;internal&gt;</name>
      </input_file>
      <input_file id="fl-c8">
         <path>/Applications/ti/ccsv7/tools/compiler/ti-cgt-arm_16.9.3.LTS/lib/</path>
         <kind>archive</kind>
         <file>rtsv7M4_T_le_v4SPD16_eabi.lib</file>
         <name>boot.obj</name>
      </input_file>
      <input_file id="fl-c9">
         <path>/Applications/ti/ccsv7/tools/compiler/ti-cgt-arm_16.9.3.LTS/lib/</path>
         <kind>archive</kind>
         <file>rtsv7M4_T_le_v4SPD16_eabi.lib</file>
         <name>copy_decompress_lzss.obj</name>
      </input_file>
      <input_file id="fl-ca">
         <path>/Applications/ti/ccsv7/tools/compiler/ti-cgt-arm_16.9.3.LTS/lib/</path>
         <kind>archive</kind>
         <file>rtsv7M4_T_le_v4SPD16_eabi.lib</file>
         <name>copy_decompress_none.obj</name>
      </input_file>
      <input_file id="fl-cb">
         <path>/Applications/ti/ccsv7/tools/compiler/ti-cgt-arm_16.9.3.LTS/lib/</path>
         <kind>archive</kind>
         <file>rtsv7M4_T_le_v4SPD16_eabi.lib</file>
         <name>copy_zero_init.obj</name>
      </input_file>
      <input_file id="fl-cc">
         <path>/Applications/ti/ccsv7/tools/compiler/ti-cgt-arm_16.9.3.LTS/lib/</path>
         <kind>archive</kind>
         <file>rtsv7M4_T_le_v4SPD16_eabi.lib</file>
         <name>exit.obj</name>
      </input_file>
      <input_file id="fl-cd">
         <path>/Applications/ti/ccsv7/tools/compiler/ti-cgt-arm_16.9.3.LTS/lib/</path>
         <kind>archive</kind>
         <file>rtsv7M4_T_le_v4SPD16_eabi.lib</file>
         <name>memcmp.obj</name>
      </input_file>
      <input_file id="fl-ce">
         <path>/Applications/ti/ccsv7/tools/compiler/ti-cgt-arm_16.9.3.LTS/lib/</path>
         <kind>archive</kind>
         <file>rtsv7M4_T_le_v4SPD16_eabi.lib</file>
         <name>memcpy_t2.obj</name>
      </input_file>
      <input_file id="fl-cf">
         <path>/Applications/ti/ccsv7/tools/compiler/ti-cgt-arm_16.9.3.LTS/lib/</path>
         <kind>archive</kind>
         <file>rtsv7M4_T_le_v4SPD16_eabi.lib</file>
         <name>memset_t2.obj</name>
      </input_file>
      <input_file id="fl-d0">
         <path>/Applications/ti/ccsv7/tools/compiler/ti-cgt-arm_16.9.3.LTS/lib/</path>
         <kind>archive</kind>
         <file>rtsv7M4_T_le_v4SPD16_eabi.lib</file>
         <name>mpu_init.obj</name>
      </input_file>
      <input_file id="fl-d1">
         <path>/Applications/ti/ccsv7/tools/compiler/ti-cgt-arm_16.9.3.LTS/lib/</path>
         <kind>archive</kind>
         <file>rtsv7M4_T_le_v4SPD16_eabi.lib</file>
         <name>pre_init.obj</name>
      </input_file>
      <input_file id="fl-d2">
         <path>/Applications/ti/ccsv7/tools/compiler/ti-cgt-arm_16.9.3.LTS/lib/</path>
         <kind>archive</kind>
         <file>rtsv7M4_T_le_v4SPD16_eabi.lib</file>
         <name>stkdepth_vars.obj</name>
      </input_file>
      <input_file id="fl-d3">
         <path>/Applications/ti/ccsv7/tools/compiler/ti-cgt-arm_16.9.3.LTS/lib/</path>
         <kind>archive</kind>
         <file>rtsv7M4_T_le_v4SPD16_eabi.lib</file>
         <name>strcat.obj</name>
      </input_file>
      <input_file id="fl-d4">
         <path>/Applications/ti/ccsv7/tools/compiler/ti-cgt-arm_16.9.3.LTS/lib/</path>
         <kind>archive</kind>
         <file>rtsv7M4_T_le_v4SPD16_eabi.lib</file>
         <name>strcmp.obj</name>
      </input_file>
      <input_file id="fl-d5">
         <path>/Applications/ti/ccsv7/tools/compiler/ti-cgt-arm_16.9.3.LTS/lib/</path>
         <kind>archive</kind>
         <file>rtsv7M4_T_le_v4SPD16_eabi.lib</file>
         <name>strlen.obj</name>
      </input_file>
      <input_file id="fl-d6">
         <path>/Applications/ti/ccsv7/tools/compiler/ti-cgt-arm_16.9.3.LTS/lib/</path>
         <kind>archive</kind>
         <file>rtsv7M4_T_le_v4SPD16_eabi.lib</file>
         <name>u_divt2.obj</name>
      </input_file>
      <input_file id="fl-d7">
         <path>/Applications/ti/ccsv7/tools/compiler/ti-cgt-arm_16.9.3.LTS/lib/</path>
         <kind>archive</kind>
         <file>rtsv7M4_T_le_v4SPD16_eabi.lib</file>
         <name>_lock.obj</name>
      </input_file>
      <input_file id="fl-d8">
         <path>/Applications/ti/ccsv7/tools/compiler/ti-cgt-arm_16.9.3.LTS/lib/</path>
         <kind>archive</kind>
         <file>rtsv7M4_T_le_v4SPD16_eabi.lib</file>
         <name>args_main.obj</name>
      </input_file>
      <input_file id="fl-d9">
         <path>/Applications/ti/ccsv7/tools/compiler/ti-cgt-arm_16.9.3.LTS/lib/</path>
         <kind>archive</kind>
         <file>rtsv7M4_T_le_v4SPD16_eabi.lib</file>
         <name>autoinit.obj</name>
      </input_file>
      <input_file id="fl-da">
         <path>/Applications/ti/ccsv7/tools/compiler/ti-cgt-arm_16.9.3.LTS/lib/</path>
         <kind>archive</kind>
         <file>rtsv7M4_T_le_v4SPD16_eabi.lib</file>
         <name>cpy_tbl.obj</name>
      </input_file>
      <input_file id="fl-db">
         <path>/Applications/ti/ccsv7/tools/compiler/ti-cgt-arm_16.9.3.LTS/lib/</path>
         <kind>archive</kind>
         <file>rtsv7M4_T_le_v4SPD16_eabi.lib</file>
         <name>i_div0.obj</name>
      </input_file>
      <input_file id="fl-dc">
         <path>/Applications/ti/ccsv7/tools/compiler/ti-cgt-arm_16.9.3.LTS/lib/</path>
         <kind>archive</kind>
         <file>rtsv7M4_T_le_v4SPD16_eabi.lib</file>
         <name>startup.obj</name>
      </input_file>
      <input_file id="fl-dd">
         <path>/Users/tauanmarinho/ti/TivaWare_C_Series-2.1.3.156/driverlib/ccs/Debug/</path>
         <kind>archive</kind>
         <file>driverlib.lib</file>
         <name>emac.obj</name>
      </input_file>
      <input_file id="fl-de">
         <path>/Users/tauanmarinho/ti/TivaWare_C_Series-2.1.3.156/driverlib/ccs/Debug/</path>
         <kind>archive</kind>
         <file>driverlib.lib</file>
         <name>flash.obj</name>
      </input_file>
      <input_file id="fl-df">
         <path>/Users/tauanmarinho/ti/TivaWare_C_Series-2.1.3.156/driverlib/ccs/Debug/</path>
         <kind>archive</kind>
         <file>driverlib.lib</file>
         <name>gpio.obj</name>
      </input_file>
      <input_file id="fl-e0">
         <path>/Users/tauanmarinho/ti/TivaWare_C_Series-2.1.3.156/driverlib/ccs/Debug/</path>
         <kind>archive</kind>
         <file>driverlib.lib</file>
         <name>interrupt.obj</name>
      </input_file>
      <input_file id="fl-e1">
         <path>/Users/tauanmarinho/ti/TivaWare_C_Series-2.1.3.156/driverlib/ccs/Debug/</path>
         <kind>archive</kind>
         <file>driverlib.lib</file>
         <name>sw_crc.obj</name>
      </input_file>
      <input_file id="fl-e2">
         <path>/Users/tauanmarinho/ti/TivaWare_C_Series-2.1.3.156/driverlib/ccs/Debug/</path>
         <kind>archive</kind>
         <file>driverlib.lib</file>
         <name>sysctl.obj</name>
      </input_file>
      <input_file id="fl-e3">
         <path>/Users/tauanmarinho/ti/TivaWare_C_Series-2.1.3.156/driverlib/ccs/Debug/</path>
         <kind>archive</kind>
         <file>driverlib.lib</file>
         <name>systick.obj</name>
      </input_file>
      <input_file id="fl-e4">
         <path>/Users/tauanmarinho/ti/TivaWare_C_Series-2.1.3.156/driverlib/ccs/Debug/</path>
         <kind>archive</kind>
         <file>driverlib.lib</file>
         <name>cpu.obj</name>
      </input_file>
   </input_file_list>
   <object_component_list>
      <object_component id="oc-f">
         <name>.intvecs</name>
         <load_address>0x0</load_address>
         <run_address>0x0</run_address>
         <size>0x200</size>
         <input_file_ref idref="fl-5"/>
      </object_component>
      <object_component id="oc-9b2">
         <name>.text:tcp_receive</name>
         <load_address>0x200</load_address>
         <run_address>0x200</run_address>
         <size>0x7c0</size>
         <input_file_ref idref="fl-b"/>
      </object_component>
      <object_component id="oc-77d">
         <name>.text:tcp_input</name>
         <load_address>0x9c0</load_address>
         <run_address>0x9c0</run_address>
         <size>0x3d0</size>
         <input_file_ref idref="fl-b"/>
      </object_component>
      <object_component id="oc-8f7">
         <name>.text:tcp_process</name>
         <load_address>0xd90</load_address>
         <run_address>0xd90</run_address>
         <size>0x3b0</size>
         <input_file_ref idref="fl-b"/>
      </object_component>
      <object_component id="oc-328">
         <name>.text:tcp_write</name>
         <load_address>0x1140</load_address>
         <run_address>0x1140</run_address>
         <size>0x2ec</size>
         <input_file_ref idref="fl-b"/>
      </object_component>
      <object_component id="oc-319">
         <name>.text:tcp_slowtmr</name>
         <load_address>0x142c</load_address>
         <run_address>0x142c</run_address>
         <size>0x2c8</size>
         <input_file_ref idref="fl-b"/>
      </object_component>
      <object_component id="oc-678">
         <name>.text:uvsnprintf</name>
         <load_address>0x16f4</load_address>
         <run_address>0x16f4</run_address>
         <size>0x24d</size>
         <input_file_ref idref="fl-d"/>
      </object_component>
      <object_component id="oc-37">
         <name>.text:FaultISR</name>
         <load_address>0x1942</load_address>
         <run_address>0x1942</run_address>
         <size>0x2</size>
         <input_file_ref idref="fl-5"/>
      </object_component>
      <object_component id="oc-7f4">
         <name>.text:dhcp_parse_reply</name>
         <load_address>0x1944</load_address>
         <run_address>0x1944</run_address>
         <size>0x228</size>
         <input_file_ref idref="fl-b"/>
      </object_component>
      <object_component id="oc-273">
         <name>.text:PinoutSet</name>
         <load_address>0x1b6c</load_address>
         <run_address>0x1b6c</run_address>
         <size>0x218</size>
         <input_file_ref idref="fl-7"/>
      </object_component>
      <object_component id="oc-591">
         <name>.text:ip_input</name>
         <load_address>0x1d84</load_address>
         <run_address>0x1d84</run_address>
         <size>0x1f0</size>
         <input_file_ref idref="fl-b"/>
      </object_component>
      <object_component id="oc-777">
         <name>.text:udp_input</name>
         <load_address>0x1f74</load_address>
         <run_address>0x1f74</run_address>
         <size>0x1f0</size>
         <input_file_ref idref="fl-b"/>
      </object_component>
      <object_component id="oc-26d">
         <name>.text:SysCtlClockFreqSet</name>
         <load_address>0x2164</load_address>
         <run_address>0x2164</run_address>
         <size>0x1ec</size>
         <input_file_ref idref="fl-e2"/>
      </object_component>
      <object_component id="oc-783">
         <name>.text:icmp_input</name>
         <load_address>0x2350</load_address>
         <run_address>0x2350</run_address>
         <size>0x1a4</size>
         <input_file_ref idref="fl-b"/>
      </object_component>
      <object_component id="oc-118">
         <name>.text:main</name>
         <load_address>0x24f4</load_address>
         <run_address>0x24f4</run_address>
         <size>0x1a4</size>
         <input_file_ref idref="fl-2"/>
      </object_component>
      <object_component id="oc-32e">
         <name>.text:tcp_output</name>
         <load_address>0x2698</load_address>
         <run_address>0x2698</run_address>
         <size>0x190</size>
         <input_file_ref idref="fl-b"/>
      </object_component>
      <object_component id="oc-98c">
         <name>.text:JSONParseCurrent</name>
         <load_address>0x2828</load_address>
         <run_address>0x2828</run_address>
         <size>0x186</size>
         <input_file_ref idref="fl-4"/>
      </object_component>
      <object_component id="oc-3d">
         <name>.text:IntDefaultHandler</name>
         <load_address>0x29ae</load_address>
         <run_address>0x29ae</run_address>
         <size>0x2</size>
         <input_file_ref idref="fl-5"/>
      </object_component>
      <object_component id="oc-49">
         <name>.text:UARTStdioIntHandler</name>
         <load_address>0x29b0</load_address>
         <run_address>0x29b0</run_address>
         <size>0x160</size>
         <input_file_ref idref="fl-c"/>
      </object_component>
      <object_component id="oc-986">
         <name>.text:JSONParseForecast</name>
         <load_address>0x2b10</load_address>
         <run_address>0x2b10</run_address>
         <size>0x153</size>
         <input_file_ref idref="fl-4"/>
      </object_component>
      <object_component id="oc-585">
         <name>.text:etharp_arp_input</name>
         <load_address>0x2c64</load_address>
         <run_address>0x2c64</run_address>
         <size>0x150</size>
         <input_file_ref idref="fl-b"/>
      </object_component>
      <object_component id="oc-54d">
         <name>.text:tcp_close_shutdown</name>
         <load_address>0x2db4</load_address>
         <run_address>0x2db4</run_address>
         <size>0x148</size>
         <input_file_ref idref="fl-b"/>
      </object_component>
      <object_component id="oc-1cb">
         <name>.text:tivaif_receive</name>
         <load_address>0x2efc</load_address>
         <run_address>0x2efc</run_address>
         <size>0x140</size>
         <input_file_ref idref="fl-b"/>
      </object_component>
      <object_component id="oc-3a0">
         <name>.text:pbuf_alloc</name>
         <load_address>0x303c</load_address>
         <run_address>0x303c</run_address>
         <size>0x13c</size>
         <input_file_ref idref="fl-b"/>
      </object_component>
      <object_component id="oc-9d7">
         <name>.text:dns_recv</name>
         <load_address>0x3178</load_address>
         <run_address>0x3178</run_address>
         <size>0x134</size>
         <input_file_ref idref="fl-b"/>
      </object_component>
      <object_component id="oc-424">
         <name>.text:GPIOPadConfigSet</name>
         <load_address>0x32ac</load_address>
         <run_address>0x32ac</run_address>
         <size>0x132</size>
         <input_file_ref idref="fl-df"/>
      </object_component>
      <object_component id="oc-31">
         <name>.text:NmiSR</name>
         <load_address>0x33de</load_address>
         <run_address>0x33de</run_address>
         <size>0x2</size>
         <input_file_ref idref="fl-5"/>
      </object_component>
      <object_component id="oc-7a3">
         <name>.text:dhcp_create_msg</name>
         <load_address>0x33e0</load_address>
         <run_address>0x33e0</run_address>
         <size>0x124</size>
         <input_file_ref idref="fl-b"/>
      </object_component>
      <object_component id="oc-a1">
         <name>.text:EthClientTick</name>
         <load_address>0x3504</load_address>
         <run_address>0x3504</run_address>
         <size>0x11c</size>
         <input_file_ref idref="fl-3"/>
      </object_component>
      <object_component id="oc-967">
         <name>.text:etharp_output</name>
         <load_address>0x3620</load_address>
         <run_address>0x3620</run_address>
         <size>0x11c</size>
         <input_file_ref idref="fl-b"/>
      </object_component>
      <object_component id="oc-7d0">
         <name>.text:etharp_query</name>
         <load_address>0x373c</load_address>
         <run_address>0x373c</run_address>
         <size>0x114</size>
         <input_file_ref idref="fl-b"/>
      </object_component>
      <object_component id="oc-8eb">
         <name>.text:tcp_listen_input</name>
         <load_address>0x3850</load_address>
         <run_address>0x3850</run_address>
         <size>0x114</size>
         <input_file_ref idref="fl-b"/>
      </object_component>
      <object_component id="oc-712">
         <name>.text:ipaddr_aton</name>
         <load_address>0x3964</load_address>
         <run_address>0x3964</run_address>
         <size>0x110</size>
         <input_file_ref idref="fl-b"/>
      </object_component>
      <object_component id="oc-5a7">
         <name>.text:mem_malloc</name>
         <load_address>0x3a74</load_address>
         <run_address>0x3a74</run_address>
         <size>0x10c</size>
         <input_file_ref idref="fl-b"/>
      </object_component>
      <object_component id="oc-8da">
         <name>.text:mem_trim</name>
         <load_address>0x3b80</load_address>
         <run_address>0x3b80</run_address>
         <size>0x104</size>
         <input_file_ref idref="fl-b"/>
      </object_component>
      <object_component id="oc-96d">
         <name>.text:tivaif_transmit</name>
         <load_address>0x3c84</load_address>
         <run_address>0x3c84</run_address>
         <size>0x100</size>
         <input_file_ref idref="fl-b"/>
      </object_component>
      <object_component id="oc-6a7">
         <name>.text:tcp_connect</name>
         <load_address>0x3d84</load_address>
         <run_address>0x3d84</run_address>
         <size>0xf8</size>
         <input_file_ref idref="fl-b"/>
      </object_component>
      <object_component id="oc-4f0">
         <name>.text:lwIPPrivateNetworkConfigChange</name>
         <load_address>0x3e7c</load_address>
         <run_address>0x3e7c</run_address>
         <size>0xf4</size>
         <input_file_ref idref="fl-b"/>
      </object_component>
      <object_component id="oc-895">
         <name>.text:ip_output_if</name>
         <load_address>0x3f70</load_address>
         <run_address>0x3f70</run_address>
         <size>0xf0</size>
         <input_file_ref idref="fl-b"/>
      </object_component>
      <object_component id="oc-7b7">
         <name>.text:udp_sendto_if</name>
         <load_address>0x4060</load_address>
         <run_address>0x4060</run_address>
         <size>0xec</size>
         <input_file_ref idref="fl-b"/>
      </object_component>
      <object_component id="oc-47a">
         <name>.text:lwIPInit</name>
         <load_address>0x414c</load_address>
         <run_address>0x414c</run_address>
         <size>0xe8</size>
         <input_file_ref idref="fl-b"/>
      </object_component>
      <object_component id="oc-8c5">
         <name>.text:etharp_find_entry</name>
         <load_address>0x4234</load_address>
         <run_address>0x4234</run_address>
         <size>0xe0</size>
         <input_file_ref idref="fl-b"/>
      </object_component>
      <object_component id="oc-5ca">
         <name>.text:etharp_raw</name>
         <load_address>0x4314</load_address>
         <run_address>0x4314</run_address>
         <size>0xdc</size>
         <input_file_ref idref="fl-b"/>
      </object_component>
      <object_component id="oc-522">
         <name>.text:tcp_output_segment</name>
         <load_address>0x43f0</load_address>
         <run_address>0x43f0</run_address>
         <size>0xd8</size>
         <input_file_ref idref="fl-b"/>
      </object_component>
      <object_component id="oc-1e0">
         <name>.text:autoip_tmr</name>
         <load_address>0x44c8</load_address>
         <run_address>0x44c8</run_address>
         <size>0xd4</size>
         <input_file_ref idref="fl-b"/>
      </object_component>
      <object_component id="oc-851">
         <name>.text:tcp_alloc</name>
         <load_address>0x459c</load_address>
         <run_address>0x459c</run_address>
         <size>0xd0</size>
         <input_file_ref idref="fl-b"/>
      </object_component>
      <object_component id="oc-638">
         <name>.text:dhcp_recv</name>
         <load_address>0x466c</load_address>
         <run_address>0x466c</run_address>
         <size>0xcc</size>
         <input_file_ref idref="fl-b"/>
      </object_component>
      <object_component id="oc-5fe">
         <name>.text:dhcp_select</name>
         <load_address>0x4738</load_address>
         <run_address>0x4738</run_address>
         <size>0xcc</size>
         <input_file_ref idref="fl-b"/>
      </object_component>
      <object_component id="oc-e3">
         <name>.text:lwIPServiceTimers</name>
         <load_address>0x4804</load_address>
         <run_address>0x4804</run_address>
         <size>0xcc</size>
         <input_file_ref idref="fl-b"/>
      </object_component>
      <object_component id="oc-5ec">
         <name>.text:dhcp_bind</name>
         <load_address>0x48d0</load_address>
         <run_address>0x48d0</run_address>
         <size>0xc8</size>
         <input_file_ref idref="fl-b"/>
      </object_component>
      <object_component id="oc-a09">
         <name>.text:InitDMADescriptors</name>
         <load_address>0x4998</load_address>
         <run_address>0x4998</run_address>
         <size>0xc4</size>
         <input_file_ref idref="fl-b"/>
      </object_component>
      <object_component id="oc-604">
         <name>.text:dhcp_discover</name>
         <load_address>0x4a5c</load_address>
         <run_address>0x4a5c</run_address>
         <size>0xbc</size>
         <input_file_ref idref="fl-b"/>
      </object_component>
      <object_component id="oc-95e">
         <name>.text:tivaif_hwinit</name>
         <load_address>0x4b18</load_address>
         <run_address>0x4b18</run_address>
         <size>0xbc</size>
         <input_file_ref idref="fl-b"/>
      </object_component>
      <object_component id="oc-6c0">
         <name>.text:dns_send</name>
         <load_address>0x4bd4</load_address>
         <run_address>0x4bd4</run_address>
         <size>0xb8</size>
         <input_file_ref idref="fl-b"/>
      </object_component>
      <object_component id="oc-509">
         <name>.text:tcp_create_segment</name>
         <load_address>0x4c8c</load_address>
         <run_address>0x4c8c</run_address>
         <size>0xb8</size>
         <input_file_ref idref="fl-b"/>
      </object_component>
      <object_component id="oc-867">
         <name>.text:TCPReceive</name>
         <load_address>0x4d44</load_address>
         <run_address>0x4d44</run_address>
         <size>0xb4</size>
         <input_file_ref idref="fl-3"/>
      </object_component>
      <object_component id="oc-279">
         <name>.text:UARTStdioConfig</name>
         <load_address>0x4df8</load_address>
         <run_address>0x4df8</run_address>
         <size>0xb0</size>
         <input_file_ref idref="fl-c"/>
      </object_component>
      <object_component id="oc-a66">
         <name>.text:GetField</name>
         <load_address>0x4ea8</load_address>
         <run_address>0x4ea8</run_address>
         <size>0xae</size>
         <input_file_ref idref="fl-4"/>
      </object_component>
      <object_component id="oc-86d">
         <name>.text:TCPError</name>
         <load_address>0x4f56</load_address>
         <run_address>0x4f56</run_address>
         <size>0x2</size>
         <input_file_ref idref="fl-3"/>
      </object_component>
      <object_component id="oc-542">
         <name>.text:dns_enqueue</name>
         <load_address>0x4f58</load_address>
         <run_address>0x4f58</run_address>
         <size>0xac</size>
         <input_file_ref idref="fl-b"/>
      </object_component>
      <object_component id="oc-39a">
         <name>.text:ethernet_input</name>
         <load_address>0x5004</load_address>
         <run_address>0x5004</run_address>
         <size>0xac</size>
         <input_file_ref idref="fl-b"/>
      </object_component>
      <object_component id="oc-4c3">
         <name>.text:tcp_zero_window_probe</name>
         <load_address>0x50b0</load_address>
         <run_address>0x50b0</run_address>
         <size>0xac</size>
         <input_file_ref idref="fl-b"/>
      </object_component>
      <object_component id="oc-b7">
         <name>.text:UARTwrite</name>
         <load_address>0x515c</load_address>
         <run_address>0x515c</run_address>
         <size>0xa8</size>
         <input_file_ref idref="fl-c"/>
      </object_component>
      <object_component id="oc-3ed">
         <name>.text:dhcp_start</name>
         <load_address>0x5204</load_address>
         <run_address>0x5204</run_address>
         <size>0xa8</size>
         <input_file_ref idref="fl-b"/>
      </object_component>
      <object_component id="oc-860">
         <name>.text:tcp_enqueue_flags</name>
         <load_address>0x52ac</load_address>
         <run_address>0x52ac</run_address>
         <size>0xa8</size>
         <input_file_ref idref="fl-b"/>
      </object_component>
      <object_component id="oc-5f8">
         <name>.text:dhcp_release</name>
         <load_address>0x5354</load_address>
         <run_address>0x5354</run_address>
         <size>0xa4</size>
         <input_file_ref idref="fl-b"/>
      </object_component>
      <object_component id="oc-4ab">
         <name>.text:dns_check_entry</name>
         <load_address>0x53f8</load_address>
         <run_address>0x53f8</run_address>
         <size>0xa4</size>
         <input_file_ref idref="fl-b"/>
      </object_component>
      <object_component id="oc-806">
         <name>.text:dhcp_handle_ack</name>
         <load_address>0x549c</load_address>
         <run_address>0x549c</run_address>
         <size>0xa0</size>
         <input_file_ref idref="fl-b"/>
      </object_component>
      <object_component id="oc-6e1">
         <name>.text:inet_chksum_pseudo</name>
         <load_address>0x553c</load_address>
         <run_address>0x553c</run_address>
         <size>0xa0</size>
         <input_file_ref idref="fl-b"/>
      </object_component>
      <object_component id="oc-63">
         <name>.text</name>
         <load_address>0x55dc</load_address>
         <run_address>0x55dc</run_address>
         <size>0x9c</size>
         <input_file_ref idref="fl-ce"/>
      </object_component>
      <object_component id="oc-af0">
         <name>.text:ustrtoul</name>
         <load_address>0x5678</load_address>
         <run_address>0x5678</run_address>
         <size>0x9c</size>
         <input_file_ref idref="fl-d"/>
      </object_component>
      <object_component id="oc-5e6">
         <name>.text:dhcp_reboot</name>
         <load_address>0x5714</load_address>
         <run_address>0x5714</run_address>
         <size>0x98</size>
         <input_file_ref idref="fl-b"/>
      </object_component>
      <object_component id="oc-907">
         <name>.text:pbuf_copy</name>
         <load_address>0x57ac</load_address>
         <run_address>0x57ac</run_address>
         <size>0x92</size>
         <input_file_ref idref="fl-b"/>
      </object_component>
      <object_component id="oc-a72">
         <name>.text:GetFieldValueString</name>
         <load_address>0x583e</load_address>
         <run_address>0x583e</run_address>
         <size>0x90</size>
         <input_file_ref idref="fl-4"/>
      </object_component>
      <object_component id="oc-1d4">
         <name>.text:lwIPHostTimerHandler</name>
         <load_address>0x58ce</load_address>
         <run_address>0x58ce</run_address>
         <size>0x2</size>
         <input_file_ref idref="fl-3"/>
      </object_component>
      <object_component id="oc-90e">
         <name>.text:tcp_abandon</name>
         <load_address>0x58d0</load_address>
         <run_address>0x58d0</run_address>
         <size>0x90</size>
         <input_file_ref idref="fl-b"/>
      </object_component>
      <object_component id="oc-4db">
         <name>.text:tcp_rst</name>
         <load_address>0x5960</load_address>
         <run_address>0x5960</run_address>
         <size>0x90</size>
         <input_file_ref idref="fl-b"/>
      </object_component>
      <object_component id="oc-ab">
         <name>.text:UARTPrimeTransmit</name>
         <load_address>0x59f0</load_address>
         <run_address>0x59f0</run_address>
         <size>0x8c</size>
         <input_file_ref idref="fl-c"/>
      </object_component>
      <object_component id="oc-1f2">
         <name>.text:lwIPLinkDetect</name>
         <load_address>0x5a7c</load_address>
         <run_address>0x5a7c</run_address>
         <size>0x84</size>
         <input_file_ref idref="fl-b"/>
      </object_component>
      <object_component id="oc-8f1">
         <name>.text:tcp_timewait_input</name>
         <load_address>0x5b00</load_address>
         <run_address>0x5b00</run_address>
         <size>0x84</size>
         <input_file_ref idref="fl-b"/>
      </object_component>
      <object_component id="oc-745">
         <name>.text:autoip_arp_reply</name>
         <load_address>0x5b84</load_address>
         <run_address>0x5b84</run_address>
         <size>0x82</size>
         <input_file_ref idref="fl-b"/>
      </object_component>
      <object_component id="oc-937">
         <name>.text</name>
         <load_address>0x5c06</load_address>
         <run_address>0x5c06</run_address>
         <size>0x2</size>
         <input_file_ref idref="fl-db"/>
      </object_component>
      <object_component id="oc-5df">
         <name>.text:dhcp_rebind</name>
         <load_address>0x5c08</load_address>
         <run_address>0x5c08</run_address>
         <size>0x80</size>
         <input_file_ref idref="fl-b"/>
      </object_component>
      <object_component id="oc-5d8">
         <name>.text:dhcp_renew</name>
         <load_address>0x5c88</load_address>
         <run_address>0x5c88</run_address>
         <size>0x80</size>
         <input_file_ref idref="fl-b"/>
      </object_component>
      <object_component id="oc-699">
         <name>.text:lwIPPrivateInit</name>
         <load_address>0x5d08</load_address>
         <run_address>0x5d08</run_address>
         <size>0x80</size>
         <input_file_ref idref="fl-b"/>
      </object_component>
      <object_component id="oc-9aa">
         <name>.text:tcp_parseopt</name>
         <load_address>0x5d88</load_address>
         <run_address>0x5d88</run_address>
         <size>0x80</size>
         <input_file_ref idref="fl-b"/>
      </object_component>
      <object_component id="oc-2c1">
         <name>.text:EthClientInit</name>
         <load_address>0x5e08</load_address>
         <run_address>0x5e08</run_address>
         <size>0x7c</size>
         <input_file_ref idref="fl-3"/>
      </object_component>
      <object_component id="oc-3d4">
         <name>.text:dhcp_timeout</name>
         <load_address>0x5e84</load_address>
         <run_address>0x5e84</run_address>
         <size>0x7c</size>
         <input_file_ref idref="fl-b"/>
      </object_component>
      <object_component id="oc-1bf">
         <name>.text:tivaif_process_phy_interrupt</name>
         <load_address>0x5f00</load_address>
         <run_address>0x5f00</run_address>
         <size>0x7c</size>
         <input_file_ref idref="fl-b"/>
      </object_component>
      <object_component id="oc-6f">
         <name>.text</name>
         <load_address>0x5f7c</load_address>
         <run_address>0x5f7c</run_address>
         <size>0x7a</size>
         <input_file_ref idref="fl-cf"/>
      </object_component>
      <object_component id="oc-7b">
         <name>.text</name>
         <load_address>0x5ff6</load_address>
         <run_address>0x5ff6</run_address>
         <size>0x2</size>
         <input_file_ref idref="fl-d0"/>
      </object_component>
      <object_component id="oc-693">
         <name>.text:EMACInit</name>
         <load_address>0x5ff8</load_address>
         <run_address>0x5ff8</run_address>
         <size>0x78</size>
         <input_file_ref idref="fl-dd"/>
      </object_component>
      <object_component id="oc-a94">
         <name>.text:tcp_oos_insert_segment</name>
         <load_address>0x6070</load_address>
         <run_address>0x6070</run_address>
         <size>0x78</size>
         <input_file_ref idref="fl-b"/>
      </object_component>
      <object_component id="oc-74b">
         <name>.text:etharp_update_arp_entry</name>
         <load_address>0x60e8</load_address>
         <run_address>0x60e8</run_address>
         <size>0x74</size>
         <input_file_ref idref="fl-b"/>
      </object_component>
      <object_component id="oc-76b">
         <name>.text:raw_input</name>
         <load_address>0x615c</load_address>
         <run_address>0x615c</run_address>
         <size>0x74</size>
         <input_file_ref idref="fl-b"/>
      </object_component>
      <object_component id="oc-a6c">
         <name>.text:GetFieldValueInt</name>
         <load_address>0x61d0</load_address>
         <run_address>0x61d0</run_address>
         <size>0x70</size>
         <input_file_ref idref="fl-4"/>
      </object_component>
      <object_component id="oc-2d3">
         <name>.text:WeatherForecast</name>
         <load_address>0x6240</load_address>
         <run_address>0x6240</run_address>
         <size>0x70</size>
         <input_file_ref idref="fl-3"/>
      </object_component>
      <object_component id="oc-87">
         <name>.text</name>
         <load_address>0x62b0</load_address>
         <run_address>0x62b0</run_address>
         <size>0x70</size>
         <input_file_ref idref="fl-d9"/>
      </object_component>
      <object_component id="oc-313">
         <name>.text:tcp_fasttmr</name>
         <load_address>0x6320</load_address>
         <run_address>0x6320</run_address>
         <size>0x70</size>
         <input_file_ref idref="fl-b"/>
      </object_component>
      <object_component id="oc-8e3">
         <name>.text:icmp_send_response</name>
         <load_address>0x6390</load_address>
         <run_address>0x6390</run_address>
         <size>0x6c</size>
         <input_file_ref idref="fl-b"/>
      </object_component>
      <object_component id="oc-949">
         <name>.text:memp_init</name>
         <load_address>0x63fc</load_address>
         <run_address>0x63fc</run_address>
         <size>0x6c</size>
         <input_file_ref idref="fl-b"/>
      </object_component>
      <object_component id="oc-a39">
         <name>.text:IntEnable</name>
         <load_address>0x6468</load_address>
         <run_address>0x6468</run_address>
         <size>0x68</size>
         <input_file_ref idref="fl-e0"/>
      </object_component>
      <object_component id="oc-6ad">
         <name>.text:TCPConnected</name>
         <load_address>0x64d0</load_address>
         <run_address>0x64d0</run_address>
         <size>0x68</size>
         <input_file_ref idref="fl-3"/>
      </object_component>
      <object_component id="oc-12">
         <name>.text:decompress:lzss</name>
         <load_address>0x6538</load_address>
         <run_address>0x6538</run_address>
         <size>0x68</size>
         <input_file_ref idref="fl-c9"/>
      </object_component>
      <object_component id="oc-8d2">
         <name>.text:dhcp_decline</name>
         <load_address>0x65a0</load_address>
         <run_address>0x65a0</run_address>
         <size>0x68</size>
         <input_file_ref idref="fl-b"/>
      </object_component>
      <object_component id="oc-88e">
         <name>.text:lwip_standard_chksum</name>
         <load_address>0x6608</load_address>
         <run_address>0x6608</run_address>
         <size>0x68</size>
         <input_file_ref idref="fl-b"/>
      </object_component>
      <object_component id="oc-5b1">
         <name>.text:netif_set_ipaddr</name>
         <load_address>0x6670</load_address>
         <run_address>0x6670</run_address>
         <size>0x68</size>
         <input_file_ref idref="fl-b"/>
      </object_component>
      <object_component id="oc-6db">
         <name>.text:pbuf_copy_partial</name>
         <load_address>0x66d8</load_address>
         <run_address>0x66d8</run_address>
         <size>0x68</size>
         <input_file_ref idref="fl-b"/>
      </object_component>
      <object_component id="oc-8a8">
         <name>.text:sys_timeout</name>
         <load_address>0x6740</load_address>
         <run_address>0x6740</run_address>
         <size>0x68</size>
         <input_file_ref idref="fl-b"/>
      </object_component>
      <object_component id="oc-6d5">
         <name>.text:tcp_output_alloc_header</name>
         <load_address>0x67a8</load_address>
         <run_address>0x67a8</run_address>
         <size>0x68</size>
         <input_file_ref idref="fl-b"/>
      </object_component>
      <object_component id="oc-4b4">
         <name>.text:tcp_process_refused_data</name>
         <load_address>0x6810</load_address>
         <run_address>0x6810</run_address>
         <size>0x68</size>
         <input_file_ref idref="fl-b"/>
      </object_component>
      <object_component id="oc-626">
         <name>.text:udp_bind</name>
         <load_address>0x6878</load_address>
         <run_address>0x6878</run_address>
         <size>0x68</size>
         <input_file_ref idref="fl-b"/>
      </object_component>
      <object_component id="oc-94f">
         <name>.text:dns_init</name>
         <load_address>0x68e0</load_address>
         <run_address>0x68e0</run_address>
         <size>0x64</size>
         <input_file_ref idref="fl-b"/>
      </object_component>
      <object_component id="oc-577">
         <name>.text:mem_free</name>
         <load_address>0x6944</load_address>
         <run_address>0x6944</run_address>
         <size>0x64</size>
         <input_file_ref idref="fl-b"/>
      </object_component>
      <object_component id="oc-73c">
         <name>.text:plug_holes</name>
         <load_address>0x69a8</load_address>
         <run_address>0x69a8</run_address>
         <size>0x64</size>
         <input_file_ref idref="fl-b"/>
      </object_component>
      <object_component id="oc-58b">
         <name>.text:pbuf_header</name>
         <load_address>0x6a0c</load_address>
         <run_address>0x6a0c</run_address>
         <size>0x62</size>
         <input_file_ref idref="fl-b"/>
      </object_component>
      <object_component id="oc-110">
         <name>.text</name>
         <load_address>0x6a6e</load_address>
         <run_address>0x6a6e</run_address>
         <size>0x2</size>
         <input_file_ref idref="fl-dc"/>
      </object_component>
      <object_component id="oc-955">
         <name>.text:sys_timeouts_init</name>
         <load_address>0x6a70</load_address>
         <run_address>0x6a70</run_address>
         <size>0x60</size>
         <input_file_ref idref="fl-b"/>
      </object_component>
      <object_component id="oc-2cd">
         <name>.text:WeatherCurrent</name>
         <load_address>0x6ad0</load_address>
         <run_address>0x6ad0</run_address>
         <size>0x5c</size>
         <input_file_ref idref="fl-3"/>
      </object_component>
      <object_component id="oc-335">
         <name>.text:dns_gethostbyname</name>
         <load_address>0x6b2c</load_address>
         <run_address>0x6b2c</run_address>
         <size>0x5c</size>
         <input_file_ref idref="fl-b"/>
      </object_component>
      <object_component id="oc-4f">
         <name>.text:lwIPEthernetIntHandler</name>
         <load_address>0x6b88</load_address>
         <run_address>0x6b88</run_address>
         <size>0x5c</size>
         <input_file_ref idref="fl-b"/>
      </object_component>
      <object_component id="oc-59b">
         <name>.text:memp_malloc</name>
         <load_address>0x6be4</load_address>
         <run_address>0x6be4</run_address>
         <size>0x5c</size>
         <input_file_ref idref="fl-b"/>
      </object_component>
      <object_component id="oc-4c9">
         <name>.text:tcp_keepalive</name>
         <load_address>0x6c40</load_address>
         <run_address>0x6c40</run_address>
         <size>0x5c</size>
         <input_file_ref idref="fl-b"/>
      </object_component>
      <object_component id="oc-727">
         <name>.text:tcp_pcb_remove</name>
         <load_address>0x6c9c</load_address>
         <run_address>0x6c9c</run_address>
         <size>0x5c</size>
         <input_file_ref idref="fl-b"/>
      </object_component>
      <object_component id="oc-51c">
         <name>.text:tcp_send_empty_ack</name>
         <load_address>0x6cf8</load_address>
         <run_address>0x6cf8</run_address>
         <size>0x5c</size>
         <input_file_ref idref="fl-b"/>
      </object_component>
      <object_component id="oc-75f">
         <name>.text:pbuf_realloc</name>
         <load_address>0x6d54</load_address>
         <run_address>0x6d54</run_address>
         <size>0x5a</size>
         <input_file_ref idref="fl-b"/>
      </object_component>
      <object_component id="oc-68d">
         <name>.text:EMACPHYConfigSet</name>
         <load_address>0x6db0</load_address>
         <run_address>0x6db0</run_address>
         <size>0x58</size>
         <input_file_ref idref="fl-dd"/>
      </object_component>
      <object_component id="oc-488">
         <name>.text:EthClientTCPConnect</name>
         <load_address>0x6e08</load_address>
         <run_address>0x6e08</run_address>
         <size>0x58</size>
         <input_file_ref idref="fl-3"/>
      </object_component>
      <object_component id="oc-291">
         <name>.text:FlashPBInit</name>
         <load_address>0x6e60</load_address>
         <run_address>0x6e60</run_address>
         <size>0x58</size>
         <input_file_ref idref="fl-9"/>
      </object_component>
      <object_component id="oc-3f3">
         <name>.text:autoip_start</name>
         <load_address>0x6eb8</load_address>
         <run_address>0x6eb8</run_address>
         <size>0x58</size>
         <input_file_ref idref="fl-b"/>
      </object_component>
      <object_component id="oc-9b8">
         <name>.text:tcp_rexmit</name>
         <load_address>0x6f10</load_address>
         <run_address>0x6f10</run_address>
         <size>0x56</size>
         <input_file_ref idref="fl-b"/>
      </object_component>
      <object_component id="oc-482">
         <name>.text:MergeRequest</name>
         <load_address>0x6f68</load_address>
         <run_address>0x6f68</run_address>
         <size>0x54</size>
         <input_file_ref idref="fl-3"/>
      </object_component>
      <object_component id="oc-63f">
         <name>.text:autoip_create_addr</name>
         <load_address>0x6fbc</load_address>
         <run_address>0x6fbc</run_address>
         <size>0x54</size>
         <input_file_ref idref="fl-b"/>
      </object_component>
      <object_component id="oc-943">
         <name>.text:mem_init</name>
         <load_address>0x7010</load_address>
         <run_address>0x7010</run_address>
         <size>0x54</size>
         <input_file_ref idref="fl-b"/>
      </object_component>
      <object_component id="oc-83e">
         <name>.text:netif_add</name>
         <load_address>0x7064</load_address>
         <run_address>0x7064</run_address>
         <size>0x54</size>
         <input_file_ref idref="fl-b"/>
      </object_component>
      <object_component id="oc-24">
         <name>.text</name>
         <load_address>0x70b8</load_address>
         <run_address>0x70b8</run_address>
         <size>0x54</size>
         <input_file_ref idref="fl-c8"/>
      </object_component>
      <object_component id="oc-93">
         <name>.text</name>
         <load_address>0x710c</load_address>
         <run_address>0x710c</run_address>
         <size>0x54</size>
         <input_file_ref idref="fl-cc"/>
      </object_component>
      <object_component id="oc-858">
         <name>.text:tcp_new_port</name>
         <load_address>0x7160</load_address>
         <run_address>0x7160</run_address>
         <size>0x54</size>
         <input_file_ref idref="fl-b"/>
      </object_component>
      <object_component id="oc-4fd">
         <name>.text:tcp_pbuf_prealloc</name>
         <load_address>0x71b4</load_address>
         <run_address>0x71b4</run_address>
         <size>0x52</size>
         <input_file_ref idref="fl-b"/>
      </object_component>
      <object_component id="oc-1c5">
         <name>.text:tivaif_process_transmit</name>
         <load_address>0x7206</load_address>
         <run_address>0x7206</run_address>
         <size>0x52</size>
         <input_file_ref idref="fl-b"/>
      </object_component>
      <object_component id="oc-14f">
         <name>.text:EthClientDNSResolve</name>
         <load_address>0x7258</load_address>
         <run_address>0x7258</run_address>
         <size>0x50</size>
         <input_file_ref idref="fl-3"/>
      </object_component>
      <object_component id="oc-820">
         <name>.text:SysCtlPeripheralReset</name>
         <load_address>0x72a8</load_address>
         <run_address>0x72a8</run_address>
         <size>0x50</size>
         <input_file_ref idref="fl-e2"/>
      </object_component>
      <object_component id="oc-2a3">
         <name>.text:UpdateIPAddress</name>
         <load_address>0x72f8</load_address>
         <run_address>0x72f8</run_address>
         <size>0x50</size>
         <input_file_ref idref="fl-2"/>
      </object_component>
      <object_component id="oc-4f7">
         <name>.text:tcp_write_checks</name>
         <load_address>0x7348</load_address>
         <run_address>0x7348</run_address>
         <size>0x50</size>
         <input_file_ref idref="fl-b"/>
      </object_component>
      <object_component id="oc-645">
         <name>.text:autoip_start_probing</name>
         <load_address>0x7398</load_address>
         <run_address>0x7398</run_address>
         <size>0x4e</size>
         <input_file_ref idref="fl-b"/>
      </object_component>
      <object_component id="oc-901">
         <name>.text:inet_chksum_pbuf</name>
         <load_address>0x73e6</load_address>
         <run_address>0x73e6</run_address>
         <size>0x4e</size>
         <input_file_ref idref="fl-b"/>
      </object_component>
      <object_component id="oc-38d">
         <name>.text:pbuf_free</name>
         <load_address>0x7434</load_address>
         <run_address>0x7434</run_address>
         <size>0x4e</size>
         <input_file_ref idref="fl-b"/>
      </object_component>
      <object_component id="oc-2e8">
         <name>.text:WeatherEvent</name>
         <load_address>0x7484</load_address>
         <run_address>0x7484</run_address>
         <size>0x4c</size>
         <input_file_ref idref="fl-2"/>
      </object_component>
      <object_component id="oc-a48">
         <name>.text:etharp_output_to_arp_index</name>
         <load_address>0x74d0</load_address>
         <run_address>0x74d0</run_address>
         <size>0x4c</size>
         <input_file_ref idref="fl-b"/>
      </object_component>
      <object_component id="oc-708">
         <name>.text:ip_route</name>
         <load_address>0x751c</load_address>
         <run_address>0x751c</run_address>
         <size>0x4c</size>
         <input_file_ref idref="fl-b"/>
      </object_component>
      <object_component id="oc-10a">
         <name>.text</name>
         <load_address>0x7568</load_address>
         <run_address>0x7568</run_address>
         <size>0x4c</size>
         <input_file_ref idref="fl-da"/>
      </object_component>
      <object_component id="oc-dd">
         <name>.text:tivaif_interrupt</name>
         <load_address>0x75b4</load_address>
         <run_address>0x75b4</run_address>
         <size>0x4c</size>
         <input_file_ref idref="fl-b"/>
      </object_component>
      <object_component id="oc-62c">
         <name>.text:udp_connect</name>
         <load_address>0x7600</load_address>
         <run_address>0x7600</run_address>
         <size>0x4c</size>
         <input_file_ref idref="fl-b"/>
      </object_component>
      <object_component id="oc-7eb">
         <name>.text:udp_new_port</name>
         <load_address>0x764c</load_address>
         <run_address>0x764c</run_address>
         <size>0x4c</size>
         <input_file_ref idref="fl-b"/>
      </object_component>
      <object_component id="oc-414">
         <name>.text:_SysCtlFrequencyGet</name>
         <load_address>0x7698</load_address>
         <run_address>0x7698</run_address>
         <size>0x48</size>
         <input_file_ref idref="fl-e2"/>
      </object_component>
      <object_component id="oc-6e7">
         <name>.text:ip_output</name>
         <load_address>0x76e0</load_address>
         <run_address>0x76e0</run_address>
         <size>0x48</size>
         <input_file_ref idref="fl-b"/>
      </object_component>
      <object_component id="oc-97a">
         <name>.text:tcp_kill_prio</name>
         <load_address>0x7728</load_address>
         <run_address>0x7728</run_address>
         <size>0x48</size>
         <input_file_ref idref="fl-b"/>
      </object_component>
      <object_component id="oc-a88">
         <name>.text:tcp_rexmit_fast</name>
         <load_address>0x7770</load_address>
         <run_address>0x7770</run_address>
         <size>0x48</size>
         <input_file_ref idref="fl-b"/>
      </object_component>
      <object_component id="oc-a4f">
         <name>.text:tivaif_check_pbuf</name>
         <load_address>0x77b8</load_address>
         <run_address>0x77b8</run_address>
         <size>0x48</size>
         <input_file_ref idref="fl-b"/>
      </object_component>
      <object_component id="oc-721">
         <name>.text:tcp_send_fin</name>
         <load_address>0x7800</load_address>
         <run_address>0x7800</run_address>
         <size>0x46</size>
         <input_file_ref idref="fl-b"/>
      </object_component>
      <object_component id="oc-143">
         <name>.text:EthClientDHCPConnect</name>
         <load_address>0x7848</load_address>
         <run_address>0x7848</run_address>
         <size>0x44</size>
         <input_file_ref idref="fl-3"/>
      </object_component>
      <object_component id="oc-556">
         <name>.text:dhcp_network_changed</name>
         <load_address>0x788c</load_address>
         <run_address>0x788c</run_address>
         <size>0x42</size>
         <input_file_ref idref="fl-b"/>
      </object_component>
      <object_component id="oc-7c8">
         <name>.text:dhcp_option_long</name>
         <load_address>0x78ce</load_address>
         <run_address>0x78ce</run_address>
         <size>0x42</size>
         <input_file_ref idref="fl-b"/>
      </object_component>
      <object_component id="oc-4d5">
         <name>.text:tcp_pcb_purge</name>
         <load_address>0x7910</load_address>
         <run_address>0x7910</run_address>
         <size>0x42</size>
         <input_file_ref idref="fl-b"/>
      </object_component>
      <object_component id="oc-ae9">
         <name>.text:CompareString</name>
         <load_address>0x7952</load_address>
         <run_address>0x7952</run_address>
         <size>0x40</size>
         <input_file_ref idref="fl-4"/>
      </object_component>
      <object_component id="oc-1da">
         <name>.text:etharp_tmr</name>
         <load_address>0x7994</load_address>
         <run_address>0x7994</run_address>
         <size>0x40</size>
         <input_file_ref idref="fl-b"/>
      </object_component>
      <object_component id="oc-818">
         <name>.text</name>
         <load_address>0x79d4</load_address>
         <run_address>0x79d4</run_address>
         <size>0x40</size>
         <input_file_ref idref="fl-d6"/>
      </object_component>
      <object_component id="oc-37a">
         <name>.text:netif_set_link_up</name>
         <load_address>0x7a14</load_address>
         <run_address>0x7a14</run_address>
         <size>0x3e</size>
         <input_file_ref idref="fl-b"/>
      </object_component>
      <object_component id="oc-438">
         <name>.text:UARTFlushTx</name>
         <load_address>0x7a54</load_address>
         <run_address>0x7a54</run_address>
         <size>0x3c</size>
         <input_file_ref idref="fl-c"/>
      </object_component>
      <object_component id="oc-1e6">
         <name>.text:dhcp_coarse_tmr</name>
         <load_address>0x7a90</load_address>
         <run_address>0x7a90</run_address>
         <size>0x3c</size>
         <input_file_ref idref="fl-b"/>
      </object_component>
      <object_component id="oc-a33">
         <name>.text:EMACIntEnable</name>
         <load_address>0x7acc</load_address>
         <run_address>0x7acc</run_address>
         <size>0x3a</size>
         <input_file_ref idref="fl-dd"/>
      </object_component>
      <object_component id="oc-aa4">
         <name>.text:dns_compare_name</name>
         <load_address>0x7b06</load_address>
         <run_address>0x7b06</run_address>
         <size>0x3a</size>
         <input_file_ref idref="fl-b"/>
      </object_component>
      <object_component id="oc-386">
         <name>.text:EMACConfigSet</name>
         <load_address>0x7b40</load_address>
         <run_address>0x7b40</run_address>
         <size>0x38</size>
         <input_file_ref idref="fl-dd"/>
      </object_component>
      <object_component id="oc-2df">
         <name>.text:EnetEvents</name>
         <load_address>0x7b78</load_address>
         <run_address>0x7b78</run_address>
         <size>0x38</size>
         <input_file_ref idref="fl-2"/>
      </object_component>
      <object_component id="oc-155">
         <name>.text:EthClientReset</name>
         <load_address>0x7bb0</load_address>
         <run_address>0x7bb0</run_address>
         <size>0x38</size>
         <input_file_ref idref="fl-3"/>
      </object_component>
      <object_component id="oc-826">
         <name>.text:SysCtlPeripheralReady</name>
         <load_address>0x7be8</load_address>
         <run_address>0x7be8</run_address>
         <size>0x38</size>
         <input_file_ref idref="fl-e2"/>
      </object_component>
      <object_component id="oc-1ec">
         <name>.text:dhcp_fine_tmr</name>
         <load_address>0x7c20</load_address>
         <run_address>0x7c20</run_address>
         <size>0x38</size>
         <input_file_ref idref="fl-b"/>
      </object_component>
      <object_component id="oc-800">
         <name>.text:dhcp_handle_nak</name>
         <load_address>0x7c58</load_address>
         <run_address>0x7c58</run_address>
         <size>0x38</size>
         <input_file_ref idref="fl-b"/>
      </object_component>
      <object_component id="oc-3e1">
         <name>.text:dhcp_stop</name>
         <load_address>0x7c90</load_address>
         <run_address>0x7c90</run_address>
         <size>0x38</size>
         <input_file_ref idref="fl-b"/>
      </object_component>
      <object_component id="oc-53c">
         <name>.text:dns_lookup</name>
         <load_address>0x7cc8</load_address>
         <run_address>0x7cc8</run_address>
         <size>0x38</size>
         <input_file_ref idref="fl-b"/>
      </object_component>
      <object_component id="oc-4e1">
         <name>.text:memp_free</name>
         <load_address>0x7d00</load_address>
         <run_address>0x7d00</run_address>
         <size>0x38</size>
         <input_file_ref idref="fl-b"/>
      </object_component>
      <object_component id="oc-8ae">
         <name>.text:tcpip_tcp_timer</name>
         <load_address>0x7d38</load_address>
         <run_address>0x7d38</run_address>
         <size>0x38</size>
         <input_file_ref idref="fl-b"/>
      </object_component>
      <object_component id="oc-87a">
         <name>.text:udp_sendto</name>
         <load_address>0x7d70</load_address>
         <run_address>0x7d70</run_address>
         <size>0x38</size>
         <input_file_ref idref="fl-b"/>
      </object_component>
      <object_component id="oc-a78">
         <name>.text:ustrncmp</name>
         <load_address>0x7da8</load_address>
         <run_address>0x7da8</run_address>
         <size>0x36</size>
         <input_file_ref idref="fl-d"/>
      </object_component>
      <object_component id="oc-33b">
         <name>.text:DNSServerFound</name>
         <load_address>0x7de0</load_address>
         <run_address>0x7de0</run_address>
         <size>0x34</size>
         <input_file_ref idref="fl-3"/>
      </object_component>
      <object_component id="oc-380">
         <name>.text:EMACConfigGet</name>
         <load_address>0x7e14</load_address>
         <run_address>0x7e14</run_address>
         <size>0x34</size>
         <input_file_ref idref="fl-dd"/>
      </object_component>
      <object_component id="oc-a21">
         <name>.text:EMACIntClear</name>
         <load_address>0x7e48</load_address>
         <run_address>0x7e48</run_address>
         <size>0x34</size>
         <input_file_ref idref="fl-dd"/>
      </object_component>
      <object_component id="oc-3bf">
         <name>.text:autoip_arp_probe</name>
         <load_address>0x7e7c</load_address>
         <run_address>0x7e7c</run_address>
         <size>0x34</size>
         <input_file_ref idref="fl-b"/>
      </object_component>
      <object_component id="oc-974">
         <name>.text:tcp_kill_timewait</name>
         <load_address>0x7eb0</load_address>
         <run_address>0x7eb0</run_address>
         <size>0x34</size>
         <input_file_ref idref="fl-b"/>
      </object_component>
      <object_component id="oc-72d">
         <name>.text:tcp_timer_needed</name>
         <load_address>0x7ee4</load_address>
         <run_address>0x7ee4</run_address>
         <size>0x34</size>
         <input_file_ref idref="fl-b"/>
      </object_component>
      <object_component id="oc-84a">
         <name>.text:tivaif_init</name>
         <load_address>0x7f18</load_address>
         <run_address>0x7f18</run_address>
         <size>0x34</size>
         <input_file_ref idref="fl-b"/>
      </object_component>
      <object_component id="oc-765">
         <name>.text:ip4_addr_isbroadcast</name>
         <load_address>0x7f4c</load_address>
         <run_address>0x7f4c</run_address>
         <size>0x32</size>
         <input_file_ref idref="fl-b"/>
      </object_component>
      <object_component id="oc-885">
         <name>.text:tcp_recved</name>
         <load_address>0x7f7e</load_address>
         <run_address>0x7f7e</run_address>
         <size>0x32</size>
         <input_file_ref idref="fl-b"/>
      </object_component>
      <object_component id="oc-449">
         <name>.text:FlashPBIsValid</name>
         <load_address>0x7fb0</load_address>
         <run_address>0x7fb0</run_address>
         <size>0x30</size>
         <input_file_ref idref="fl-9"/>
      </object_component>
      <object_component id="oc-7b1">
         <name>.text:dhcp_option_trailer</name>
         <load_address>0x7fe0</load_address>
         <run_address>0x7fe0</run_address>
         <size>0x30</size>
         <input_file_ref idref="fl-b"/>
      </object_component>
      <object_component id="oc-996">
         <name>.text:tcp_update_rcv_ann_wnd</name>
         <load_address>0x8010</load_address>
         <run_address>0x8010</run_address>
         <size>0x30</size>
         <input_file_ref idref="fl-b"/>
      </object_component>
      <object_component id="oc-60c">
         <name>.text:udp_remove</name>
         <load_address>0x8040</load_address>
         <run_address>0x8040</run_address>
         <size>0x30</size>
         <input_file_ref idref="fl-b"/>
      </object_component>
      <object_component id="oc-4bd">
         <name>.text:tcp_rexmit_rto</name>
         <load_address>0x8070</load_address>
         <run_address>0x8070</run_address>
         <size>0x2e</size>
         <input_file_ref idref="fl-b"/>
      </object_component>
      <object_component id="oc-a1b">
         <name>.text:EMACIntStatus</name>
         <load_address>0x809e</load_address>
         <run_address>0x809e</run_address>
         <size>0x2c</size>
         <input_file_ref idref="fl-dd"/>
      </object_component>
      <object_component id="oc-432">
         <name>.text:UARTFlushRx</name>
         <load_address>0x80cc</load_address>
         <run_address>0x80cc</run_address>
         <size>0x2c</size>
         <input_file_ref idref="fl-c"/>
      </object_component>
      <object_component id="oc-3b9">
         <name>.text:autoip_arp_announce</name>
         <load_address>0x80f8</load_address>
         <run_address>0x80f8</run_address>
         <size>0x2c</size>
         <input_file_ref idref="fl-b"/>
      </object_component>
      <object_component id="oc-7fa">
         <name>.text:dhcp_handle_offer</name>
         <load_address>0x8124</load_address>
         <run_address>0x8124</run_address>
         <size>0x2c</size>
         <input_file_ref idref="fl-b"/>
      </object_component>
      <object_component id="oc-562">
         <name>.text:etharp_request</name>
         <load_address>0x8150</load_address>
         <run_address>0x8150</run_address>
         <size>0x2c</size>
         <input_file_ref idref="fl-b"/>
      </object_component>
      <object_component id="oc-660">
         <name>.text:GPIODirModeSet</name>
         <load_address>0x817c</load_address>
         <run_address>0x817c</run_address>
         <size>0x2a</size>
         <input_file_ref idref="fl-df"/>
      </object_component>
      <object_component id="oc-3b3">
         <name>.text:autoip_bind</name>
         <load_address>0x81a6</load_address>
         <run_address>0x81a6</run_address>
         <size>0x2a</size>
         <input_file_ref idref="fl-b"/>
      </object_component>
      <object_component id="oc-394">
         <name>.text:pbuf_cat</name>
         <load_address>0x81d0</load_address>
         <run_address>0x81d0</run_address>
         <size>0x2a</size>
         <input_file_ref idref="fl-b"/>
      </object_component>
      <object_component id="oc-456">
         <name>.text:ustrncpy</name>
         <load_address>0x81fa</load_address>
         <run_address>0x81fa</run_address>
         <size>0x2a</size>
         <input_file_ref idref="fl-d"/>
      </object_component>
      <object_component id="oc-7e3">
         <name>.text:etharp_cleanup_netif</name>
         <load_address>0x8224</load_address>
         <run_address>0x8224</run_address>
         <size>0x28</size>
         <input_file_ref idref="fl-b"/>
      </object_component>
      <object_component id="oc-36e">
         <name>.text:EMACPHYRead</name>
         <load_address>0x824c</load_address>
         <run_address>0x824c</run_address>
         <size>0x26</size>
         <input_file_ref idref="fl-dd"/>
      </object_component>
      <object_component id="oc-a0f">
         <name>.text:EMACPHYWrite</name>
         <load_address>0x8272</load_address>
         <run_address>0x8272</run_address>
         <size>0x26</size>
         <input_file_ref idref="fl-dd"/>
      </object_component>
      <object_component id="oc-5f2">
         <name>.text:dhcp_check</name>
         <load_address>0x8298</load_address>
         <run_address>0x8298</run_address>
         <size>0x26</size>
         <input_file_ref idref="fl-b"/>
      </object_component>
      <object_component id="oc-6cd">
         <name>.text:tcp_recv_null</name>
         <load_address>0x82be</load_address>
         <run_address>0x82be</run_address>
         <size>0x26</size>
         <input_file_ref idref="fl-b"/>
      </object_component>
      <object_component id="oc-149">
         <name>.text:EthClientSend</name>
         <load_address>0x82e4</load_address>
         <run_address>0x82e4</run_address>
         <size>0x24</size>
         <input_file_ref idref="fl-3"/>
      </object_component>
      <object_component id="oc-2b5">
         <name>.text:IntPrioritySet</name>
         <load_address>0x8308</load_address>
         <run_address>0x8308</run_address>
         <size>0x24</size>
         <input_file_ref idref="fl-e0"/>
      </object_component>
      <object_component id="oc-930">
         <name>.text:dns_setserver</name>
         <load_address>0x832c</load_address>
         <run_address>0x832c</run_address>
         <size>0x24</size>
         <input_file_ref idref="fl-b"/>
      </object_component>
      <object_component id="oc-3a9">
         <name>.text:etharp_free_entry</name>
         <load_address>0x8350</load_address>
         <run_address>0x8350</run_address>
         <size>0x24</size>
         <input_file_ref idref="fl-b"/>
      </object_component>
      <object_component id="oc-321">
         <name>.text:lwIPNetworkConfigChange</name>
         <load_address>0x8374</load_address>
         <run_address>0x8374</run_address>
         <size>0x24</size>
         <input_file_ref idref="fl-b"/>
      </object_component>
      <object_component id="oc-5c3">
         <name>.text:netif_set_up</name>
         <load_address>0x8398</load_address>
         <run_address>0x8398</run_address>
         <size>0x24</size>
         <input_file_ref idref="fl-b"/>
      </object_component>
      <object_component id="oc-57f">
         <name>.text</name>
         <load_address>0x83bc</load_address>
         <run_address>0x83bc</run_address>
         <size>0x24</size>
         <input_file_ref idref="fl-cd"/>
      </object_component>
      <object_component id="oc-a8e">
         <name>.text:tcp_seg_copy</name>
         <load_address>0x83e0</load_address>
         <run_address>0x83e0</run_address>
         <size>0x24</size>
         <input_file_ref idref="fl-b"/>
      </object_component>
      <object_component id="oc-7ab">
         <name>.text:dhcp_option_short</name>
         <load_address>0x8404</load_address>
         <run_address>0x8404</run_address>
         <size>0x22</size>
         <input_file_ref idref="fl-b"/>
      </object_component>
      <object_component id="oc-add">
         <name>.text:BufPtrInc</name>
         <load_address>0x8426</load_address>
         <run_address>0x8426</run_address>
         <size>0x20</size>
         <input_file_ref idref="fl-4"/>
      </object_component>
      <object_component id="oc-2af">
         <name>.text:IntPriorityGroupingSet</name>
         <load_address>0x8448</load_address>
         <run_address>0x8448</run_address>
         <size>0x20</size>
         <input_file_ref idref="fl-e0"/>
      </object_component>
      <object_component id="oc-40e">
         <name>.text:_SysCtlMemTimingGet</name>
         <load_address>0x8468</load_address>
         <run_address>0x8468</run_address>
         <size>0x20</size>
         <input_file_ref idref="fl-e2"/>
      </object_component>
      <object_component id="oc-8b8">
         <name>.text:autoip_handle_arp_conflict</name>
         <load_address>0x8488</load_address>
         <run_address>0x8488</run_address>
         <size>0x20</size>
         <input_file_ref idref="fl-b"/>
      </object_component>
      <object_component id="oc-7a5">
         <name>.text:dhcp_option</name>
         <load_address>0x84a8</load_address>
         <run_address>0x84a8</run_address>
         <size>0x20</size>
         <input_file_ref idref="fl-b"/>
      </object_component>
      <object_component id="oc-8cb">
         <name>.text:etharp_send_ip</name>
         <load_address>0x84c8</load_address>
         <run_address>0x84c8</run_address>
         <size>0x20</size>
         <input_file_ref idref="fl-b"/>
      </object_component>
      <object_component id="oc-12b">
         <name>.text:lwIPTimer</name>
         <load_address>0x84e8</load_address>
         <run_address>0x84e8</run_address>
         <size>0x20</size>
         <input_file_ref idref="fl-b"/>
      </object_component>
      <object_component id="oc-702">
         <name>.text:tcp_eff_send_mss</name>
         <load_address>0x8508</load_address>
         <run_address>0x8508</run_address>
         <size>0x20</size>
         <input_file_ref idref="fl-b"/>
      </object_component>
      <object_component id="oc-137">
         <name>.text:tcp_tmr</name>
         <load_address>0x8528</load_address>
         <run_address>0x8528</run_address>
         <size>0x20</size>
         <input_file_ref idref="fl-b"/>
      </object_component>
      <object_component id="oc-45c">
         <name>.text:usprintf</name>
         <load_address>0x8548</load_address>
         <run_address>0x8548</run_address>
         <size>0x20</size>
         <input_file_ref idref="fl-d"/>
      </object_component>
      <object_component id="oc-a03">
         <name>.text:EMACAddrGet</name>
         <load_address>0x8568</load_address>
         <run_address>0x8568</run_address>
         <size>0x1e</size>
         <input_file_ref idref="fl-dd"/>
      </object_component>
      <object_component id="oc-619">
         <name>.text:netif_set_down</name>
         <load_address>0x8586</load_address>
         <run_address>0x8586</run_address>
         <size>0x1e</size>
         <input_file_ref idref="fl-b"/>
      </object_component>
      <object_component id="oc-43">
         <name>.text:SysTickIntHandler</name>
         <load_address>0x85a4</load_address>
         <run_address>0x85a4</run_address>
         <size>0x1c</size>
         <input_file_ref idref="fl-2"/>
      </object_component>
      <object_component id="oc-aaa">
         <name>.text:dns_parse_name</name>
         <load_address>0x85c0</load_address>
         <run_address>0x85c0</run_address>
         <size>0x1c</size>
         <input_file_ref idref="fl-b"/>
      </object_component>
      <object_component id="oc-13d">
         <name>.text:lwIPLocalIPAddrGet</name>
         <load_address>0x85dc</load_address>
         <run_address>0x85dc</run_address>
         <size>0x1c</size>
         <input_file_ref idref="fl-b"/>
      </object_component>
      <object_component id="oc-3db">
         <name>.text:netif_set_addr</name>
         <load_address>0x85f8</load_address>
         <run_address>0x85f8</run_address>
         <size>0x1c</size>
         <input_file_ref idref="fl-b"/>
      </object_component>
      <object_component id="oc-620">
         <name>.text:udp_new</name>
         <load_address>0x8614</load_address>
         <run_address>0x8614</run_address>
         <size>0x1c</size>
         <input_file_ref idref="fl-b"/>
      </object_component>
      <object_component id="oc-55c">
         <name>.text:autoip_network_changed</name>
         <load_address>0x8630</load_address>
         <run_address>0x8630</run_address>
         <size>0x1a</size>
         <input_file_ref idref="fl-b"/>
      </object_component>
      <object_component id="oc-751">
         <name>.text:dhcp_arp_reply</name>
         <load_address>0x864a</load_address>
         <run_address>0x864a</run_address>
         <size>0x1a</size>
         <input_file_ref idref="fl-b"/>
      </object_component>
      <object_component id="oc-516">
         <name>.text:lwip_htonl</name>
         <load_address>0x8664</load_address>
         <run_address>0x8664</run_address>
         <size>0x1a</size>
         <input_file_ref idref="fl-b"/>
      </object_component>
      <object_component id="oc-2c7">
         <name>.text:EthClientTCPDisconnect</name>
         <load_address>0x8680</load_address>
         <run_address>0x8680</run_address>
         <size>0x18</size>
         <input_file_ref idref="fl-3"/>
      </object_component>
      <object_component id="oc-bd">
         <name>.text:IsBufferFull</name>
         <load_address>0x8698</load_address>
         <run_address>0x8698</run_address>
         <size>0x18</size>
         <input_file_ref idref="fl-c"/>
      </object_component>
      <object_component id="oc-9e4">
         <name>.text:arp_timer</name>
         <load_address>0x86b0</load_address>
         <run_address>0x86b0</run_address>
         <size>0x18</size>
         <input_file_ref idref="fl-b"/>
      </object_component>
      <object_component id="oc-9f6">
         <name>.text:autoip_timer</name>
         <load_address>0x86c8</load_address>
         <run_address>0x86c8</run_address>
         <size>0x18</size>
         <input_file_ref idref="fl-b"/>
      </object_component>
      <object_component id="oc-9ea">
         <name>.text:dhcp_timer_coarse</name>
         <load_address>0x86e0</load_address>
         <run_address>0x86e0</run_address>
         <size>0x18</size>
         <input_file_ref idref="fl-b"/>
      </object_component>
      <object_component id="oc-9f0">
         <name>.text:dhcp_timer_fine</name>
         <load_address>0x86f8</load_address>
         <run_address>0x86f8</run_address>
         <size>0x18</size>
         <input_file_ref idref="fl-b"/>
      </object_component>
      <object_component id="oc-9fc">
         <name>.text:dns_timer</name>
         <load_address>0x8710</load_address>
         <run_address>0x8710</run_address>
         <size>0x18</size>
         <input_file_ref idref="fl-b"/>
      </object_component>
      <object_component id="oc-5a1">
         <name>.text:pbuf_pool_is_empty</name>
         <load_address>0x8728</load_address>
         <run_address>0x8728</run_address>
         <size>0x18</size>
         <input_file_ref idref="fl-b"/>
      </object_component>
      <object_component id="oc-8d">
         <name>.text</name>
         <load_address>0x8740</load_address>
         <run_address>0x8740</run_address>
         <size>0x18</size>
         <input_file_ref idref="fl-d8"/>
      </object_component>
      <object_component id="oc-719">
         <name>.text</name>
         <load_address>0x8758</load_address>
         <run_address>0x8758</run_address>
         <size>0x18</size>
         <input_file_ref idref="fl-d4"/>
      </object_component>
      <object_component id="oc-85e">
         <name>.text:tcp_next_iss</name>
         <load_address>0x8770</load_address>
         <run_address>0x8770</run_address>
         <size>0x18</size>
         <input_file_ref idref="fl-b"/>
      </object_component>
      <object_component id="oc-528">
         <name>.text:tcp_seg_free</name>
         <load_address>0x8788</load_address>
         <run_address>0x8788</run_address>
         <size>0x18</size>
         <input_file_ref idref="fl-b"/>
      </object_component>
      <object_component id="oc-82d">
         <name>.text:EMACReset</name>
         <load_address>0x87a0</load_address>
         <run_address>0x87a0</run_address>
         <size>0x16</size>
         <input_file_ref idref="fl-dd"/>
      </object_component>
      <object_component id="oc-a2d">
         <name>.text:EMACRxEnable</name>
         <load_address>0x87b6</load_address>
         <run_address>0x87b6</run_address>
         <size>0x16</size>
         <input_file_ref idref="fl-dd"/>
      </object_component>
      <object_component id="oc-a27">
         <name>.text:EMACTxEnable</name>
         <load_address>0x87cc</load_address>
         <run_address>0x87cc</run_address>
         <size>0x16</size>
         <input_file_ref idref="fl-dd"/>
      </object_component>
      <object_component id="oc-7bd">
         <name>.text:dhcp_delete_msg</name>
         <load_address>0x87e2</load_address>
         <run_address>0x87e2</run_address>
         <size>0x16</size>
         <input_file_ref idref="fl-b"/>
      </object_component>
      <object_component id="oc-3c7">
         <name>.text:dhcp_t1_timeout</name>
         <load_address>0x87f8</load_address>
         <run_address>0x87f8</run_address>
         <size>0x16</size>
         <input_file_ref idref="fl-b"/>
      </object_component>
      <object_component id="oc-3cd">
         <name>.text:dhcp_t2_timeout</name>
         <load_address>0x880e</load_address>
         <run_address>0x880e</run_address>
         <size>0x16</size>
         <input_file_ref idref="fl-b"/>
      </object_component>
      <object_component id="oc-923">
         <name>.text:pbuf_ref</name>
         <load_address>0x8824</load_address>
         <run_address>0x8824</run_address>
         <size>0x16</size>
         <input_file_ref idref="fl-b"/>
      </object_component>
      <object_component id="oc-474">
         <name>.text:FlashUserGet</name>
         <load_address>0x883c</load_address>
         <run_address>0x883c</run_address>
         <size>0x14</size>
         <input_file_ref idref="fl-de"/>
      </object_component>
      <object_component id="oc-29d">
         <name>.text:ResetUser</name>
         <load_address>0x8850</load_address>
         <run_address>0x8850</run_address>
         <size>0x14</size>
         <input_file_ref idref="fl-2"/>
      </object_component>
      <object_component id="oc-285">
         <name>.text:SysTickEnable</name>
         <load_address>0x8864</load_address>
         <run_address>0x8864</run_address>
         <size>0x14</size>
         <input_file_ref idref="fl-e3"/>
      </object_component>
      <object_component id="oc-28b">
         <name>.text:SysTickIntEnable</name>
         <load_address>0x8878</load_address>
         <run_address>0x8878</run_address>
         <size>0x14</size>
         <input_file_ref idref="fl-e3"/>
      </object_component>
      <object_component id="oc-536">
         <name>.text:ipaddr_addr</name>
         <load_address>0x888c</load_address>
         <run_address>0x888c</run_address>
         <size>0x14</size>
         <input_file_ref idref="fl-b"/>
      </object_component>
      <object_component id="oc-838">
         <name>.text:lwip_init</name>
         <load_address>0x88a0</load_address>
         <run_address>0x88a0</run_address>
         <size>0x14</size>
         <input_file_ref idref="fl-b"/>
      </object_component>
      <object_component id="oc-2fc">
         <name>.text</name>
         <load_address>0x88b4</load_address>
         <run_address>0x88b4</run_address>
         <size>0x14</size>
         <input_file_ref idref="fl-d7"/>
      </object_component>
      <object_component id="oc-530">
         <name>.text</name>
         <load_address>0x88c8</load_address>
         <run_address>0x88c8</run_address>
         <size>0x14</size>
         <input_file_ref idref="fl-d5"/>
      </object_component>
      <object_component id="oc-571">
         <name>.text:sys_arch_unprotect</name>
         <load_address>0x88dc</load_address>
         <run_address>0x88dc</run_address>
         <size>0x14</size>
         <input_file_ref idref="fl-b"/>
      </object_component>
      <object_component id="oc-354">
[...]
         <object_component_ref idref="oc-901"/>
      </symbol>
      <symbol id="sm-1144">
         <name>ip_output</name>
         <value>0x76e1</value>
         <object_component_ref idref="oc-6e7"/>
      </symbol>
      <symbol id="sm-1145">
         <name>autoip_network_changed</name>
         <value>0x8631</value>
         <object_component_ref idref="oc-55c"/>
      </symbol>
      <symbol id="sm-1146">
         <name>pbuf_copy</name>
         <value>0x57ad</value>
         <object_component_ref idref="oc-907"/>
      </symbol>
      <symbol id="sm-1147">
         <name>tcp_segs_free</name>
         <value>0x895f</value>
         <object_component_ref idref="oc-4cf"/>
      </symbol>
      <symbol id="sm-1148">
         <name>ipaddr_aton</name>
         <value>0x3965</value>
         <object_component_ref idref="oc-712"/>
      </symbol>
      <symbol id="sm-1149">
         <name>tcp_close</name>
         <value>0x88f1</value>
         <object_component_ref idref="oc-354"/>
      </symbol>
      <symbol id="sm-114a">
         <name>tivaif_interrupt</name>
         <value>0x75b5</value>
         <object_component_ref idref="oc-dd"/>
      </symbol>
      <symbol id="sm-114b">
         <name>ethzero</name>
         <value>0x8fd4</value>
         <object_component_ref idref="oc-5d0"/>
      </symbol>
      <symbol id="sm-114c">
         <name>lwIPTimer</name>
         <value>0x84e9</value>
         <object_component_ref idref="oc-12b"/>
      </symbol>
      <symbol id="sm-114d">
         <name>tcp_update_rcv_ann_wnd</name>
         <value>0x8011</value>
         <object_component_ref idref="oc-996"/>
      </symbol>
      <symbol id="sm-114e">
         <name>tcp_new</name>
         <value>0x8b09</value>
         <object_component_ref idref="oc-6a1"/>
      </symbol>
      <symbol id="sm-114f">
         <name>ethbroadcast</name>
         <value>0x8fce</value>
         <object_component_ref idref="oc-597"/>
      </symbol>
      <symbol id="sm-1150">
         <name>lwip_init</name>
         <value>0x88a1</value>
         <object_component_ref idref="oc-838"/>
      </symbol>
      <symbol id="sm-1151">
         <name>inet_chksum_pseudo</name>
         <value>0x553d</value>
         <object_component_ref idref="oc-6e1"/>
      </symbol>
      <symbol id="sm-1152">
         <name>lwIPEthernetIntHandler</name>
         <value>0x6b89</value>
         <object_component_ref idref="oc-4f"/>
      </symbol>
      <symbol id="sm-1153">
         <name>tcp_sent</name>
         <value>0x8b23</value>
         <object_component_ref idref="oc-342"/>
      </symbol>
      <symbol id="sm-1154">
         <name>tcp_tmr</name>
         <value>0x8529</value>
         <object_component_ref idref="oc-137"/>
      </symbol>
      <symbol id="sm-1155">
         <name>autoip_tmr</name>
         <value>0x44c9</value>
         <object_component_ref idref="oc-1e0"/>
      </symbol>
      <symbol id="sm-1156">
         <name>tcp_eff_send_mss</name>
         <value>0x8509</value>
         <object_component_ref idref="oc-702"/>
      </symbol>
      <symbol id="sm-1157">
         <name>tcp_process_refused_data</name>
         <value>0x6811</value>
         <object_component_ref idref="oc-4b4"/>
      </symbol>
      <symbol id="sm-1158">
         <name>udp_remove</name>
         <value>0x8041</value>
         <object_component_ref idref="oc-60c"/>
      </symbol>
      <symbol id="sm-1159">
         <name>udp_connect</name>
         <value>0x7601</value>
         <object_component_ref idref="oc-62c"/>
      </symbol>
      <symbol id="sm-115a">
         <name>dhcp_arp_reply</name>
         <value>0x864b</value>
         <object_component_ref idref="oc-751"/>
      </symbol>
      <symbol id="sm-115b">
         <name>netif_add</name>
         <value>0x7065</value>
         <object_component_ref idref="oc-83e"/>
      </symbol>
      <symbol id="sm-115c">
         <name>tcp_seg_copy</name>
         <value>0x83e1</value>
         <object_component_ref idref="oc-a8e"/>
      </symbol>
      <symbol id="sm-115d">
         <name>netif_set_default</name>
         <value>0x8a8d</value>
         <object_component_ref idref="oc-844"/>
      </symbol>
      <symbol id="sm-115e">
         <name>sys_now</name>
         <value>0x8ab1</value>
         <object_component_ref idref="oc-9de"/>
      </symbol>
      <symbol id="sm-115f">
         <name>ip_route</name>
         <value>0x751d</value>
         <object_component_ref idref="oc-708"/>
      </symbol>
      <symbol id="sm-1160">
         <name>tcp_pcb_remove</name>
         <value>0x6c9d</value>
         <object_component_ref idref="oc-727"/>
      </symbol>
      <symbol id="sm-1161">
         <name>g_RxDescList</name>
         <value>0x2000c960</value>
         <object_component_ref idref="oc-a43"/>
      </symbol>
      <symbol id="sm-1162">
         <name>g_TxDescList</name>
         <value>0x2000c970</value>
         <object_component_ref idref="oc-a40"/>
      </symbol>
      <symbol id="sm-1163">
         <name>sys_timeout</name>
         <value>0x6741</value>
         <object_component_ref idref="oc-8a8"/>
      </symbol>
      <symbol id="sm-1164">
         <name>etharp_tmr</name>
         <value>0x7995</value>
         <object_component_ref idref="oc-1da"/>
      </symbol>
      <symbol id="sm-1165">
         <name>tcp_abort</name>
         <value>0x8afd</value>
         <object_component_ref idref="oc-794"/>
      </symbol>
      <symbol id="sm-1166">
         <name>mem_trim</name>
         <value>0x3b81</value>
         <object_component_ref idref="oc-8da"/>
      </symbol>
      <symbol id="sm-1167">
         <name>dhcp_renew</name>
         <value>0x5c89</value>
         <object_component_ref idref="oc-5d8"/>
      </symbol>
      <symbol id="sm-1223">
         <name>UARTFlushRx</name>
         <value>0x80cd</value>
         <object_component_ref idref="oc-432"/>
      </symbol>
      <symbol id="sm-1224">
         <name>UARTFlushTx</name>
         <value>0x7a55</value>
         <object_component_ref idref="oc-438"/>
      </symbol>
      <symbol id="sm-1225">
         <name>UARTStdioConfig</name>
         <value>0x4df9</value>
         <object_component_ref idref="oc-279"/>
      </symbol>
      <symbol id="sm-1226">
         <name>UARTStdioIntHandler</name>
         <value>0x29b1</value>
         <object_component_ref idref="oc-49"/>
      </symbol>
      <symbol id="sm-1227">
         <name>UARTwrite</name>
         <value>0x515d</value>
         <object_component_ref idref="oc-b7"/>
      </symbol>
      <symbol id="sm-129c">
         <name>uvsnprintf</name>
         <value>0x16f5</value>
         <object_component_ref idref="oc-678"/>
      </symbol>
      <symbol id="sm-129d">
         <name>ustrncpy</name>
         <value>0x81fb</value>
         <object_component_ref idref="oc-456"/>
      </symbol>
      <symbol id="sm-129e">
         <name>ustrlen</name>
         <value>0x8971</value>
         <object_component_ref idref="oc-ae3"/>
      </symbol>
      <symbol id="sm-129f">
         <name>usprintf</name>
         <value>0x8549</value>
         <object_component_ref idref="oc-45c"/>
      </symbol>
      <symbol id="sm-12a0">
         <name>ustrtoul</name>
         <value>0x5679</value>
         <object_component_ref idref="oc-af0"/>
      </symbol>
      <symbol id="sm-12a1">
         <name>ustrncmp</name>
         <value>0x7da9</value>
         <object_component_ref idref="oc-a78"/>
      </symbol>
      <symbol id="sm-12b2">
         <name>_c_int00</name>
         <value>0x70b9</value>
         <object_component_ref idref="oc-24"/>
      </symbol>
      <symbol id="sm-12b3">
         <name>__stack</name>
         <value>0x2000c10c</value>
         <object_component_ref idref="oc-2a"/>
      </symbol>
      <symbol id="sm-12d1">
         <name>__TI_decompress_lzss</name>
         <value>0x6539</value>
         <object_component_ref idref="oc-12"/>
      </symbol>
      <symbol id="sm-12e8">
         <name>__TI_decompress_none</name>
         <value>0x8a43</value>
         <object_component_ref idref="oc-18"/>
      </symbol>
      <symbol id="sm-12fa">
         <name>__TI_zero_init</name>
         <value>0x8a75</value>
         <object_component_ref idref="oc-1e"/>
      </symbol>
      <symbol id="sm-131b">
         <name>C$$EXIT</name>
         <value>0x710d</value>
         <object_component_ref idref="oc-93"/>
      </symbol>
      <symbol id="sm-131c">
         <name>abort</name>
         <value>0x7111</value>
         <object_component_ref idref="oc-93"/>
      </symbol>
      <symbol id="sm-131d">
         <name>exit</name>
         <value>0x7119</value>
         <object_component_ref idref="oc-93"/>
      </symbol>
      <symbol id="sm-131e">
         <name>__TI_dtors_ptr</name>
         <value>0x2000c994</value>
         <object_component_ref idref="oc-120"/>
      </symbol>
      <symbol id="sm-131f">
         <name>__TI_cleanup_ptr</name>
         <value>0x2000c990</value>
         <object_component_ref idref="oc-120"/>
      </symbol>
      <symbol id="sm-1320">
         <name>__TI_enable_exit_profile_output</name>
         <value>0x2000c998</value>
         <object_component_ref idref="oc-120"/>
      </symbol>
      <symbol id="sm-1330">
         <name>memcmp</name>
         <value>0x83bd</value>
         <object_component_ref idref="oc-57f"/>
      </symbol>
      <symbol id="sm-134b">
         <name>memcpy</name>
         <value>0x55dd</value>
         <object_component_ref idref="oc-63"/>
      </symbol>
      <symbol id="sm-134c">
         <name>__aeabi_memcpy</name>
         <value>0x55dd</value>
         <object_component_ref idref="oc-63"/>
      </symbol>
      <symbol id="sm-134d">
         <name>__aeabi_memcpy8</name>
         <value>0x55dd</value>
         <object_component_ref idref="oc-63"/>
      </symbol>
      <symbol id="sm-134e">
         <name>__aeabi_memcpy4</name>
         <value>0x55dd</value>
         <object_component_ref idref="oc-63"/>
      </symbol>
      <symbol id="sm-135d">
         <name>__aeabi_memset</name>
         <value>0x5f7f</value>
         <object_component_ref idref="oc-6f"/>
      </symbol>
      <symbol id="sm-135e">
         <name>memset</name>
         <value>0x5f85</value>
         <object_component_ref idref="oc-6f"/>
      </symbol>
      <symbol id="sm-135f">
         <name>__aeabi_memset8</name>
         <value>0x5f7f</value>
         <object_component_ref idref="oc-6f"/>
      </symbol>
      <symbol id="sm-1360">
         <name>__aeabi_memset4</name>
         <value>0x5f7f</value>
         <object_component_ref idref="oc-6f"/>
      </symbol>
      <symbol id="sm-1361">
         <name>__aeabi_memclr8</name>
         <value>0x5f7d</value>
         <object_component_ref idref="oc-6f"/>
      </symbol>
      <symbol id="sm-1362">
         <name>__aeabi_memclr4</name>
         <value>0x5f7d</value>
         <object_component_ref idref="oc-6f"/>
      </symbol>
      <symbol id="sm-1363">
         <name>__aeabi_memclr</name>
         <value>0x5f7d</value>
         <object_component_ref idref="oc-6f"/>
      </symbol>
      <symbol id="sm-136d">
         <name>__mpu_init</name>
         <value>0x5ff7</value>
         <object_component_ref idref="oc-7b"/>
      </symbol>
      <symbol id="sm-1377">
         <name>_system_pre_init</name>
         <value>0x8b1f</value>
         <object_component_ref idref="oc-81"/>
      </symbol>
      <symbol id="sm-137f">
         <name>main_func_sp</name>
         <value>0x2000c9b8</value>
         <object_component_ref idref="oc-99"/>
      </symbol>
      <symbol id="sm-138f">
         <name>strcmp</name>
         <value>0x8759</value>
         <object_component_ref idref="oc-719"/>
      </symbol>
      <symbol id="sm-139d">
         <name>strlen</name>
         <value>0x88c9</value>
         <object_component_ref idref="oc-530"/>
      </symbol>
      <symbol id="sm-13ac">
         <name>__aeabi_uidivmod</name>
         <value>0x79d5</value>
         <object_component_ref idref="oc-818"/>
      </symbol>
      <symbol id="sm-13ad">
         <name>__aeabi_uidiv</name>
         <value>0x79d5</value>
         <object_component_ref idref="oc-818"/>
      </symbol>
      <symbol id="sm-13c6">
         <name>_nop</name>
         <value>0x88c3</value>
         <object_component_ref idref="oc-2fc"/>
      </symbol>
      <symbol id="sm-13c7">
         <name>_lock</name>
         <value>0x2000c9a8</value>
         <object_component_ref idref="oc-123"/>
      </symbol>
      <symbol id="sm-13c8">
         <name>_unlock</name>
         <value>0x2000c9ac</value>
         <object_component_ref idref="oc-123"/>
      </symbol>
      <symbol id="sm-13c9">
         <name>_register_lock</name>
         <value>0x88bb</value>
         <object_component_ref idref="oc-2fc"/>
      </symbol>
      <symbol id="sm-13ca">
         <name>_register_unlock</name>
         <value>0x88b5</value>
         <object_component_ref idref="oc-2fc"/>
      </symbol>
      <symbol id="sm-13de">
         <name>_args_main</name>
         <value>0x8741</value>
         <object_component_ref idref="oc-8d"/>
      </symbol>
      <symbol id="sm-1408">
         <name>__TI_auto_init</name>
         <value>0x62b1</value>
         <object_component_ref idref="oc-87"/>
      </symbol>
      <symbol id="sm-1422">
         <name>copy_in</name>
         <value>0x7569</value>
         <object_component_ref idref="oc-10a"/>
      </symbol>
      <symbol id="sm-142c">
         <name>__aeabi_idiv0</name>
         <value>0x5c07</value>
         <object_component_ref idref="oc-937"/>
      </symbol>
      <symbol id="sm-1436">
         <name>_system_post_cinit</name>
         <value>0x6a6f</value>
         <object_component_ref idref="oc-110"/>
      </symbol>
      <symbol id="sm-14f7">
         <name>EMACConfigSet</name>
         <value>0x7b41</value>
         <object_component_ref idref="oc-386"/>
      </symbol>
      <symbol id="sm-14f8">
         <name>EMACTxEnable</name>
         <value>0x87cd</value>
         <object_component_ref idref="oc-a27"/>
      </symbol>
      <symbol id="sm-14f9">
         <name>EMACRxDMADescriptorListSet</name>
         <value>0x8adf</value>
         <object_component_ref idref="oc-ab8"/>
      </symbol>
      <symbol id="sm-14fa">
         <name>EMACPHYConfigSet</name>
         <value>0x6db1</value>
         <object_component_ref idref="oc-68d"/>
      </symbol>
      <symbol id="sm-14fb">
         <name>EMACPHYRead</name>
         <value>0x824d</value>
         <object_component_ref idref="oc-36e"/>
      </symbol>
      <symbol id="sm-14fc">
         <name>EMACTimestampIntStatus</name>
         <value>0x8ae5</value>
         <object_component_ref idref="oc-d7"/>
      </symbol>
      <symbol id="sm-14fd">
         <name>EMACRxEnable</name>
         <value>0x87b7</value>
         <object_component_ref idref="oc-a2d"/>
      </symbol>
      <symbol id="sm-14fe">
         <name>EMACIntClear</name>
         <value>0x7e49</value>
         <object_component_ref idref="oc-a21"/>
      </symbol>
      <symbol id="sm-14ff">
         <name>EMACConfigGet</name>
         <value>0x7e15</value>
         <object_component_ref idref="oc-380"/>
      </symbol>
      <symbol id="sm-1500">
         <name>EMACInit</name>
         <value>0x5ff9</value>
         <object_component_ref idref="oc-693"/>
      </symbol>
      <symbol id="sm-1501">
         <name>EMACIntEnable</name>
         <value>0x7acd</value>
         <object_component_ref idref="oc-a33"/>
      </symbol>
      <symbol id="sm-1502">
         <name>EMACPHYWrite</name>
         <value>0x8273</value>
         <object_component_ref idref="oc-a0f"/>
      </symbol>
      <symbol id="sm-1503">
         <name>EMACReset</name>
         <value>0x87a1</value>
         <object_component_ref idref="oc-82d"/>
      </symbol>
      <symbol id="sm-1504">
         <name>EMACFrameFilterSet</name>
         <value>0x8985</value>
         <object_component_ref idref="oc-a15"/>
      </symbol>
      <symbol id="sm-1505">
         <name>EMACTxDMAPollDemand</name>
         <value>0x8acf</value>
         <object_component_ref idref="oc-a55"/>
      </symbol>
      <symbol id="sm-1506">
         <name>EMACAddrGet</name>
         <value>0x8569</value>
         <object_component_ref idref="oc-a03"/>
      </symbol>
      <symbol id="sm-1507">
         <name>EMACTxDMADescriptorListSet</name>
         <value>0x8aeb</value>
         <object_component_ref idref="oc-abe"/>
      </symbol>
      <symbol id="sm-1508">
         <name>EMACIntStatus</name>
         <value>0x809f</value>
         <object_component_ref idref="oc-a1b"/>
      </symbol>
      <symbol id="sm-1517">
         <name>FlashUserGet</name>
         <value>0x883d</value>
         <object_component_ref idref="oc-474"/>
      </symbol>
      <symbol id="sm-1536">
         <name>GPIODirModeSet</name>
         <value>0x817d</value>
         <object_component_ref idref="oc-660"/>
      </symbol>
      <symbol id="sm-1537">
         <name>GPIOPadConfigSet</name>
         <value>0x32ad</value>
         <object_component_ref idref="oc-424"/>
      </symbol>
      <symbol id="sm-1538">
         <name>GPIOPinTypeEthernetLED</name>
         <value>0x8905</value>
         <object_component_ref idref="oc-42a"/>
      </symbol>
      <symbol id="sm-1585">
         <name>IntPrioritySet</name>
         <value>0x8309</value>
         <object_component_ref idref="oc-2b5"/>
      </symbol>
      <symbol id="sm-1586">
         <name>IntEnable</name>
         <value>0x6469</value>
         <object_component_ref idref="oc-a39"/>
      </symbol>
      <symbol id="sm-1587">
         <name>IntPriorityGroupingSet</name>
         <value>0x8449</value>
         <object_component_ref idref="oc-2af"/>
      </symbol>
      <symbol id="sm-1588">
         <name>IntMasterEnable</name>
         <value>0x89b5</value>
         <object_component_ref idref="oc-2a9"/>
      </symbol>
      <symbol id="sm-160f">
         <name>SysCtlDelay</name>
         <value>0x8af7</value>
         <object_component_ref idref="oc-82c"/>
      </symbol>
      <symbol id="sm-1610">
         <name>SysCtlMOSCConfigSet</name>
         <value>0x8a5d</value>
         <object_component_ref idref="oc-267"/>
      </symbol>
      <symbol id="sm-1611">
         <name>SysCtlPeripheralReady</name>
         <value>0x7be9</value>
         <object_component_ref idref="oc-826"/>
      </symbol>
      <symbol id="sm-1612">
         <name>SysCtlClockFreqSet</name>
         <value>0x2165</value>
         <object_component_ref idref="oc-26d"/>
      </symbol>
      <symbol id="sm-1613">
         <name>SysCtlPeripheralReset</name>
         <value>0x72a9</value>
         <object_component_ref idref="oc-820"/>
      </symbol>
      <symbol id="sm-1636">
         <name>SysTickEnable</name>
         <value>0x8865</value>
         <object_component_ref idref="oc-285"/>
      </symbol>
      <symbol id="sm-1637">
         <name>SysTickIntEnable</name>
         <value>0x8879</value>
         <object_component_ref idref="oc-28b"/>
      </symbol>
      <symbol id="sm-1638">
         <name>SysTickPeriodSet</name>
         <value>0x89c5</value>
         <object_component_ref idref="oc-27f"/>
      </symbol>
      <symbol id="sm-1642">
         <name>CPUcpsie</name>
         <value>0x8a51</value>
         <object_component_ref idref="oc-463"/>
      </symbol>
      <symbol id="sm-1643">
         <name>__TI_static_base__</name>
         <value>0x0</value>
      </symbol>
      <symbol id="sm-1646">
         <name>SHT$$INIT_ARRAY$$Limit</name>
         <value>0x0</value>
      </symbol>
      <symbol id="sm-1647">
         <name>SHT$$INIT_ARRAY$$Base</name>
         <value>0x0</value>
      </symbol>
      <symbol id="sm-1648">
         <name>EthClientAddrGet</name>
         <value>0x85dd</value>
      </symbol>
   </symbol_table>
   <title>Link successful</title>
</link_info>
